Archive member included to satisfy reference by file (symbol)

E:/Clion/toolchain/arm-none-eabi/13.3 rel1/bin/../lib/gcc/arm-none-eabi/13.3.1/thumb/v7-m/nofp\libgcc.a(_arm_muldf3.o)
                              CMakeFiles/text.elf.dir/APP/task/app_task.c.obj (__aeabi_dmul)
E:/Clion/toolchain/arm-none-eabi/13.3 rel1/bin/../lib/gcc/arm-none-eabi/13.3.1/thumb/v7-m/nofp\libgcc.a(_arm_mulsf3.o)
                              CMakeFiles/text.elf.dir/APP/music/app_music.c.obj (__aeabi_fmul)
E:/Clion/toolchain/arm-none-eabi/13.3 rel1/bin/../lib/gcc/arm-none-eabi/13.3.1/thumb/v7-m/nofp\libgcc.a(_arm_addsubdf3.o)
                              CMakeFiles/text.elf.dir/APP/oled_t/sprintf/app_sprintf.c.obj (__aeabi_dadd)
E:/Clion/toolchain/arm-none-eabi/13.3 rel1/bin/../lib/gcc/arm-none-eabi/13.3.1/thumb/v7-m/nofp\libgcc.a(_arm_muldivdf3.o)
                              CMakeFiles/text.elf.dir/APP/servo/app_servo.c.obj (__aeabi_ddiv)
E:/Clion/toolchain/arm-none-eabi/13.3 rel1/bin/../lib/gcc/arm-none-eabi/13.3.1/thumb/v7-m/nofp\libgcc.a(_arm_cmpdf2.o)
                              CMakeFiles/text.elf.dir/BSP/tim/bsp_tim.c.obj (__aeabi_dcmple)
E:/Clion/toolchain/arm-none-eabi/13.3 rel1/bin/../lib/gcc/arm-none-eabi/13.3.1/thumb/v7-m/nofp\libgcc.a(_arm_fixdfsi.o)
                              CMakeFiles/text.elf.dir/APP/oled_t/sprintf/app_sprintf.c.obj (__aeabi_d2iz)
E:/Clion/toolchain/arm-none-eabi/13.3 rel1/bin/../lib/gcc/arm-none-eabi/13.3.1/thumb/v7-m/nofp\libgcc.a(_arm_fixunsdfsi.o)
                              CMakeFiles/text.elf.dir/APP/task/app_task.c.obj (__aeabi_d2uiz)
E:/Clion/toolchain/arm-none-eabi/13.3 rel1/bin/../lib/gcc/arm-none-eabi/13.3.1/thumb/v7-m/nofp\libgcc.a(_arm_truncdfsf2.o)
                              CMakeFiles/text.elf.dir/APP/task/app_task.c.obj (__aeabi_d2f)
E:/Clion/toolchain/arm-none-eabi/13.3 rel1/bin/../lib/gcc/arm-none-eabi/13.3.1/thumb/v7-m/nofp\libgcc.a(_arm_addsubsf3.o)
                              CMakeFiles/text.elf.dir/APP/oled_t/sprintf/app_sprintf.c.obj (__aeabi_fsub)
E:/Clion/toolchain/arm-none-eabi/13.3 rel1/bin/../lib/gcc/arm-none-eabi/13.3.1/thumb/v7-m/nofp\libgcc.a(_arm_muldivsf3.o)
                              CMakeFiles/text.elf.dir/APP/task/app_task.c.obj (__aeabi_fdiv)
E:/Clion/toolchain/arm-none-eabi/13.3 rel1/bin/../lib/gcc/arm-none-eabi/13.3.1/thumb/v7-m/nofp\libgcc.a(_arm_cmpsf2.o)
                              CMakeFiles/text.elf.dir/APP/oled_t/app_oled.c.obj (__aeabi_fcmpeq)
E:/Clion/toolchain/arm-none-eabi/13.3 rel1/bin/../lib/gcc/arm-none-eabi/13.3.1/thumb/v7-m/nofp\libgcc.a(_arm_fixsfsi.o)
                              CMakeFiles/text.elf.dir/APP/oled_t/sprintf/app_sprintf.c.obj (__aeabi_f2iz)
E:/Clion/toolchain/arm-none-eabi/13.3 rel1/bin/../lib/gcc/arm-none-eabi/13.3.1/thumb/v7-m/nofp\libgcc.a(_arm_fixunssfsi.o)
                              CMakeFiles/text.elf.dir/APP/music/app_music.c.obj (__aeabi_f2uiz)
E:/Clion/toolchain/arm-none-eabi/13.3 rel1/bin/../lib/gcc/arm-none-eabi/13.3.1/thumb/v7-m/nofp\libg.a(libc_a-exit.o)
                              E:/Clion/toolchain/arm-none-eabi/13.3 rel1/bin/../lib/gcc/arm-none-eabi/13.3.1/thumb/v7-m/nofp/crt0.o (exit)
E:/Clion/toolchain/arm-none-eabi/13.3 rel1/bin/../lib/gcc/arm-none-eabi/13.3.1/thumb/v7-m/nofp\libg.a(libc_a-findfp.o)
                              CMakeFiles/text.elf.dir/Middlewares/Third_Party/FreeRTOS/Source/tasks.c.obj (__sf)
E:/Clion/toolchain/arm-none-eabi/13.3 rel1/bin/../lib/gcc/arm-none-eabi/13.3.1/thumb/v7-m/nofp\libg.a(libc_a-fwalk.o)
                              E:/Clion/toolchain/arm-none-eabi/13.3 rel1/bin/../lib/gcc/arm-none-eabi/13.3.1/thumb/v7-m/nofp\libg.a(libc_a-findfp.o) (_fwalk_sglue)
E:/Clion/toolchain/arm-none-eabi/13.3 rel1/bin/../lib/gcc/arm-none-eabi/13.3.1/thumb/v7-m/nofp\libg.a(libc_a-stdio.o)
                              E:/Clion/toolchain/arm-none-eabi/13.3 rel1/bin/../lib/gcc/arm-none-eabi/13.3.1/thumb/v7-m/nofp\libg.a(libc_a-findfp.o) (__sread)
E:/Clion/toolchain/arm-none-eabi/13.3 rel1/bin/../lib/gcc/arm-none-eabi/13.3.1/thumb/v7-m/nofp\libg.a(libc_a-memset.o)
                              E:/Clion/toolchain/arm-none-eabi/13.3 rel1/bin/../lib/gcc/arm-none-eabi/13.3.1/thumb/v7-m/nofp/crt0.o (memset)
E:/Clion/toolchain/arm-none-eabi/13.3 rel1/bin/../lib/gcc/arm-none-eabi/13.3.1/thumb/v7-m/nofp\libg.a(libc_a-closer.o)
                              E:/Clion/toolchain/arm-none-eabi/13.3 rel1/bin/../lib/gcc/arm-none-eabi/13.3.1/thumb/v7-m/nofp\libg.a(libc_a-stdio.o) (_close_r)
E:/Clion/toolchain/arm-none-eabi/13.3 rel1/bin/../lib/gcc/arm-none-eabi/13.3.1/thumb/v7-m/nofp\libg.a(libc_a-reent.o)
                              CMakeFiles/text.elf.dir/Middlewares/Third_Party/FreeRTOS/Source/tasks.c.obj (_reclaim_reent)
E:/Clion/toolchain/arm-none-eabi/13.3 rel1/bin/../lib/gcc/arm-none-eabi/13.3.1/thumb/v7-m/nofp\libg.a(libc_a-impure.o)
                              CMakeFiles/text.elf.dir/Middlewares/Third_Party/FreeRTOS/Source/tasks.c.obj (_impure_ptr)
[...]
Memory Configuration

Name             Origin             Length             Attributes
RAM              0x20000000         0x00005000         xrw
FLASH            0x08000000         0x00010000         xr
*default*        0x00000000         0xffffffff

Linker script and memory map

LOAD E:/Clion/toolchain/arm-none-eabi/13.3 rel1/bin/../lib/gcc/arm-none-eabi/13.3.1/thumb/v7-m/nofp/crti.o
LOAD E:/Clion/toolchain/arm-none-eabi/13.3 rel1/bin/../lib/gcc/arm-none-eabi/13.3.1/thumb/v7-m/nofp/crtbegin.o
LOAD E:/Clion/toolchain/arm-none-eabi/13.3 rel1/bin/../lib/gcc/arm-none-eabi/13.3.1/thumb/v7-m/nofp/crt0.o
LOAD CMakeFiles/text.elf.dir/APP/music/app_music.c.obj
LOAD CMakeFiles/text.elf.dir/APP/oled_t/OLED/OLED.c.obj
LOAD CMakeFiles/text.elf.dir/APP/oled_t/app_oled.c.obj
LOAD CMakeFiles/text.elf.dir/APP/oled_t/sprintf/app_sprintf.c.obj
LOAD CMakeFiles/text.elf.dir/APP/servo/app_servo.c.obj
LOAD CMakeFiles/text.elf.dir/APP/sys/app_system.c.obj
LOAD CMakeFiles/text.elf.dir/APP/task/app_task.c.obj
LOAD CMakeFiles/text.elf.dir/APP/vofa/app_msg.c.obj
LOAD CMakeFiles/text.elf.dir/BSP/adc/bsp_adc.c.obj
LOAD CMakeFiles/text.elf.dir/BSP/buzzer/bsp_buzzer.c.obj
LOAD CMakeFiles/text.elf.dir/BSP/can/bsp_can.c.obj
LOAD CMakeFiles/text.elf.dir/BSP/imu/MPU6050.c.obj
LOAD CMakeFiles/text.elf.dir/BSP/led/bsp_led.c.obj
LOAD CMakeFiles/text.elf.dir/BSP/tim/bsp_tim.c.obj
LOAD CMakeFiles/text.elf.dir/BSP/time/bsp_time.c.obj
LOAD CMakeFiles/text.elf.dir/BSP/uart/bsp_uart.c.obj
LOAD CMakeFiles/text.elf.dir/Core/Src/adc.c.obj
LOAD CMakeFiles/text.elf.dir/Core/Src/can.c.obj
LOAD CMakeFiles/text.elf.dir/Core/Src/dma.c.obj
LOAD CMakeFiles/text.elf.dir/Core/Src/freertos.c.obj
LOAD CMakeFiles/text.elf.dir/Core/Src/gpio.c.obj
LOAD CMakeFiles/text.elf.dir/Core/Src/i2c.c.obj
LOAD CMakeFiles/text.elf.dir/Core/Src/main.c.obj
LOAD CMakeFiles/text.elf.dir/Core/Src/rtc.c.obj
LOAD CMakeFiles/text.elf.dir/Core/Src/stm32f1xx_hal_msp.c.obj
LOAD CMakeFiles/text.elf.dir/Core/Src/stm32f1xx_hal_timebase_tim.c.obj
LOAD CMakeFiles/text.elf.dir/Core/Src/stm32f1xx_it.c.obj
LOAD CMakeFiles/text.elf.dir/Core/Src/syscalls.c.obj
LOAD CMakeFiles/text.elf.dir/Core/Src/sysmem.c.obj
LOAD CMakeFiles/text.elf.dir/Core/Src/system_stm32f1xx.c.obj
LOAD CMakeFiles/text.elf.dir/Core/Src/tim.c.obj
LOAD CMakeFiles/text.elf.dir/Core/Src/usart.c.obj
LOAD CMakeFiles/text.elf.dir/Core/Startup/startup_stm32f103c8tx.s.obj
LOAD CMakeFiles/text.elf.dir/Drivers/STM32F1xx_HAL_Driver/Src/stm32f1xx_hal.c.obj
LOAD CMakeFiles/text.elf.dir/Drivers/STM32F1xx_HAL_Driver/Src/stm32f1xx_hal_adc.c.obj
LOAD CMakeFiles/text.elf.dir/Drivers/STM32F1xx_HAL_Driver/Src/stm32f1xx_hal_adc_ex.c.obj
LOAD CMakeFiles/text.elf.dir/Drivers/STM32F1xx_HAL_Driver/Src/stm32f1xx_hal_can.c.obj
LOAD CMakeFiles/text.elf.dir/Drivers/STM32F1xx_HAL_Driver/Src/stm32f1xx_hal_cortex.c.obj
LOAD CMakeFiles/text.elf.dir/Drivers/STM32F1xx_HAL_Driver/Src/stm32f1xx_hal_dma.c.obj
LOAD CMakeFiles/text.elf.dir/Drivers/STM32F1xx_HAL_Driver/Src/stm32f1xx_hal_exti.c.obj
LOAD CMakeFiles/text.elf.dir/Drivers/STM32F1xx_HAL_Driver/Src/stm32f1xx_hal_flash.c.obj
LOAD CMakeFiles/text.elf.dir/Drivers/STM32F1xx_HAL_Driver/Src/stm32f1xx_hal_flash_ex.c.obj
LOAD CMakeFiles/text.elf.dir/Drivers/STM32F1xx_HAL_Driver/Src/stm32f1xx_hal_gpio.c.obj
LOAD CMakeFiles/text.elf.dir/Drivers/STM32F1xx_HAL_Driver/Src/stm32f1xx_hal_gpio_ex.c.obj
LOAD CMakeFiles/text.elf.dir/Drivers/STM32F1xx_HAL_Driver/Src/stm32f1xx_hal_i2c.c.obj
LOAD CMakeFiles/text.elf.dir/Drivers/STM32F1xx_HAL_Driver/Src/stm32f1xx_hal_pwr.c.obj
LOAD CMakeFiles/text.elf.dir/Drivers/STM32F1xx_HAL_Driver/Src/stm32f1xx_hal_rcc.c.obj
LOAD CMakeFiles/text.elf.dir/Drivers/STM32F1xx_HAL_Driver/Src/stm32f1xx_hal_rcc_ex.c.obj
LOAD CMakeFiles/text.elf.dir/Drivers/STM32F1xx_HAL_Driver/Src/stm32f1xx_hal_rtc.c.obj
LOAD CMakeFiles/text.elf.dir/Drivers/STM32F1xx_HAL_Driver/Src/stm32f1xx_hal_rtc_ex.c.obj
LOAD CMakeFiles/text.elf.dir/Drivers/STM32F1xx_HAL_Driver/Src/stm32f1xx_hal_tim.c.obj
LOAD CMakeFiles/text.elf.dir/Drivers/STM32F1xx_HAL_Driver/Src/stm32f1xx_hal_tim_ex.c.obj
LOAD CMakeFiles/text.elf.dir/Drivers/STM32F1xx_HAL_Driver/Src/stm32f1xx_hal_uart.c.obj
LOAD CMakeFiles/text.elf.dir/Middlewares/Third_Party/FreeRTOS/Source/CMSIS_RTOS_V2/cmsis_os2.c.obj
LOAD CMakeFiles/text.elf.dir/Middlewares/Third_Party/FreeRTOS/Source/croutine.c.obj
LOAD CMakeFiles/text.elf.dir/Middlewares/Third_Party/FreeRTOS/Source/event_groups.c.obj
LOAD CMakeFiles/text.elf.dir/Middlewares/Third_Party/FreeRTOS/Source/list.c.obj
LOAD CMakeFiles/text.elf.dir/Middlewares/Third_Party/FreeRTOS/Source/portable/GCC/ARM_CM3/port.c.obj
LOAD CMakeFiles/text.elf.dir/Middlewares/Third_Party/FreeRTOS/Source/portable/MemMang/heap_4.c.obj
LOAD CMakeFiles/text.elf.dir/Middlewares/Third_Party/FreeRTOS/Source/queue.c.obj
LOAD CMakeFiles/text.elf.dir/Middlewares/Third_Party/FreeRTOS/Source/stream_buffer.c.obj
LOAD CMakeFiles/text.elf.dir/Middlewares/Third_Party/FreeRTOS/Source/tasks.c.obj
LOAD CMakeFiles/text.elf.dir/Middlewares/Third_Party/FreeRTOS/Source/timers.c.obj
START GROUP
LOAD E:/Clion/toolchain/arm-none-eabi/13.3 rel1/bin/../lib/gcc/arm-none-eabi/13.3.1/thumb/v7-m/nofp\libgcc.a
LOAD E:/Clion/toolchain/arm-none-eabi/13.3 rel1/bin/../lib/gcc/arm-none-eabi/13.3.1/thumb/v7-m/nofp\libg.a
LOAD E:/Clion/toolchain/arm-none-eabi/13.3 rel1/bin/../lib/gcc/arm-none-eabi/13.3.1/thumb/v7-m/nofp\libc.a
END GROUP
LOAD E:/Clion/toolchain/arm-none-eabi/13.3 rel1/bin/../lib/gcc/arm-none-eabi/13.3.1/thumb/v7-m/nofp/crtend.o
LOAD E:/Clion/toolchain/arm-none-eabi/13.3 rel1/bin/../lib/gcc/arm-none-eabi/13.3.1/thumb/v7-m/nofp/crtn.o
                0x20005000                        _estack = (ORIGIN (RAM) + LENGTH (RAM))
                0x00000200                        _Min_Heap_Size = 0x200
                0x00000400                        _Min_Stack_Size = 0x400

.isr_vector     0x08000000      0x10c
                0x08000000                        . = ALIGN (0x4)
 *(.isr_vector)
 .isr_vector    0x08000000      0x10c CMakeFiles/text.elf.dir/Core/Startup/startup_stm32f103c8tx.s.obj
                0x08000000                g_pfnVectors
                0x0800010c                        . = ALIGN (0x4)

.text           0x08000110     0xbb68
                0x08000110                        . = ALIGN (0x4)
 *(.text)
 .text          0x08000110      0x378 E:/Clion/toolchain/arm-none-eabi/13.3 rel1/bin/../lib/gcc/arm-none-eabi/13.3.1/thumb/v7-m/nofp\libgcc.a(_arm_addsubdf3.o)
                0x08000110                __aeabi_drsub
                0x08000118                __aeabi_dsub
                0x08000118                __subdf3
                0x0800011c                __aeabi_dadd
                0x0800011c                __adddf3
                0x08000394                __floatunsidf
                0x08000394                __aeabi_ui2d
                0x080003b4                __floatsidf
                0x080003b4                __aeabi_i2d
                0x080003d8                __aeabi_f2d
                0x080003d8                __extendsfdf2
                0x0800041c                __floatundidf
                0x0800041c                __aeabi_ul2d
                0x0800042c                __floatdidf
                0x0800042c                __aeabi_l2d
 .text          0x08000488      0x424 E:/Clion/toolchain/arm-none-eabi/13.3 rel1/bin/../lib/gcc/arm-none-eabi/13.3.1/thumb/v7-m/nofp\libgcc.a(_arm_muldivdf3.o)
                0x08000488                __aeabi_dmul
                0x08000488                __muldf3
                0x080006dc                __divdf3
                0x080006dc                __aeabi_ddiv
 .text          0x080008ac      0x110 E:/Clion/toolchain/arm-none-eabi/13.3 rel1/bin/../lib/gcc/arm-none-eabi/13.3.1/thumb/v7-m/nofp\libgcc.a(_arm_cmpdf2.o)
                0x080008ac                __gtdf2
                0x080008ac                __gedf2
                0x080008b4                __ltdf2
                0x080008b4                __ledf2
                0x080008bc                __nedf2
                0x080008bc                __eqdf2
                0x080008bc                __cmpdf2
                0x08000938                __aeabi_cdrcmple
                0x08000948                __aeabi_cdcmpeq
                0x08000948                __aeabi_cdcmple
                0x08000958                __aeabi_dcmpeq
                0x0800096c                __aeabi_dcmplt
                0x08000980                __aeabi_dcmple
                0x08000994                __aeabi_dcmpge
                0x080009a8                __aeabi_dcmpgt
 .text          0x080009bc       0x50 E:/Clion/toolchain/arm-none-eabi/13.3 rel1/bin/../lib/gcc/arm-none-eabi/13.3.1/thumb/v7-m/nofp\libgcc.a(_arm_fixdfsi.o)
                0x080009bc                __aeabi_d2iz
                0x080009bc                __fixdfsi
 .text          0x08000a0c       0x40 E:/Clion/toolchain/arm-none-eabi/13.3 rel1/bin/../lib/gcc/arm-none-eabi/13.3.1/thumb/v7-m/nofp\libgcc.a(_arm_fixunsdfsi.o)
                0x08000a0c                __aeabi_d2uiz
                0x08000a0c                __fixunsdfsi
 .text          0x08000a4c       0xa0 E:/Clion/toolchain/arm-none-eabi/13.3 rel1/bin/../lib/gcc/arm-none-eabi/13.3.1/thumb/v7-m/nofp\libgcc.a(_arm_truncdfsf2.o)
                0x08000a4c                __truncdfsf2
                0x08000a4c                __aeabi_d2f
 .text          0x08000aec      0x21c E:/Clion/toolchain/arm-none-eabi/13.3 rel1/bin/../lib/gcc/arm-none-eabi/13.3.1/thumb/v7-m/nofp\libgcc.a(_arm_addsubsf3.o)
                0x08000aec                __aeabi_frsub
                0x08000af4                __subsf3
                0x08000af4                __aeabi_fsub
                0x08000af8                __aeabi_fadd
                0x08000af8                __addsf3
                0x08000c58                __aeabi_ui2f
                0x08000c58                __floatunsisf
                0x08000c60                __aeabi_i2f
                0x08000c60                __floatsisf
                0x08000c7c                __aeabi_ul2f
                0x08000c7c                __floatundisf
                0x08000c8c                __aeabi_l2f
                0x08000c8c                __floatdisf
 .text          0x08000d08      0x2a0 E:/Clion/toolchain/arm-none-eabi/13.3 rel1/bin/../lib/gcc/arm-none-eabi/13.3.1/thumb/v7-m/nofp\libgcc.a(_arm_muldivsf3.o)
                0x08000d08                __mulsf3
                0x08000d08                __aeabi_fmul
                0x08000e70                __aeabi_fdiv
                0x08000e70                __divsf3
 .text          0x08000fa8       0xec E:/Clion/toolchain/arm-none-eabi/13.3 rel1/bin/../lib/gcc/arm-none-eabi/13.3.1/thumb/v7-m/nofp\libgcc.a(_arm_cmpsf2.o)
                0x08000fa8                __gesf2
                0x08000fa8                __gtsf2
                0x08000fb0                __lesf2
                0x08000fb0                __ltsf2
                0x08000fb8                __nesf2
                0x08000fb8                __eqsf2
                0x08000fb8                __cmpsf2
                0x08001018                __aeabi_cfrcmple
                0x08001020                __aeabi_cfcmpeq
                0x08001020                __aeabi_cfcmple
                0x08001030                __aeabi_fcmpeq
                0x08001044                __aeabi_fcmplt
                0x08001058                __aeabi_fcmple
                0x0800106c                __aeabi_fcmpge
                0x08001080                __aeabi_fcmpgt
 .text          0x08001094       0x4c E:/Clion/toolchain/arm-none-eabi/13.3 rel1/bin/../lib/gcc/arm-none-eabi/13.3.1/thumb/v7-m/nofp\libgcc.a(_arm_fixsfsi.o)
                0x08001094                __aeabi_f2iz
                0x08001094                __fixsfsi
 .text          0x080010e0       0x40 E:/Clion/toolchain/arm-none-eabi/13.3 rel1/bin/../lib/gcc/arm-none-eabi/13.3.1/thumb/v7-m/nofp\libgcc.a(_arm_fixunssfsi.o)
                0x080010e0                __fixunssfsi
                0x080010e0                __aeabi_f2uiz
 .text          0x08001120       0xec E:/Clion/toolchain/arm-none-eabi/13.3 rel1/bin/../lib/gcc/arm-none-eabi/13.3.1/thumb/v7-m/nofp\libg.a(libc_a-memcpy.o)
                0x08001120                memcpy
 .text          0x0800120c       0x2c E:/Clion/toolchain/arm-none-eabi/13.3 rel1/bin/../lib/gcc/arm-none-eabi/13.3.1/thumb/v7-m/nofp\libgcc.a(_arm_unorddf2.o)
                0x0800120c                __unorddf2
                0x0800120c                __aeabi_dcmpun
 *(.text*)
 .text.deregister_tm_clones
                0x08001238       0x1c E:/Clion/toolchain/arm-none-eabi/13.3 rel1/bin/../lib/gcc/arm-none-eabi/13.3.1/thumb/v7-m/nofp/crtbegin.o
 .text.register_tm_clones
                0x08001254       0x24 E:/Clion/toolchain/arm-none-eabi/13.3 rel1/bin/../lib/gcc/arm-none-eabi/13.3.1/thumb/v7-m/nofp/crtbegin.o
 .text.__do_global_dtors_aux
                0x08001278       0x28 E:/Clion/toolchain/arm-none-eabi/13.3 rel1/bin/../lib/gcc/arm-none-eabi/13.3.1/thumb/v7-m/nofp/crtbegin.o
 .text.frame_dummy
                0x080012a0       0x24 E:/Clion/toolchain/arm-none-eabi/13.3 rel1/bin/../lib/gcc/arm-none-eabi/13.3.1/thumb/v7-m/nofp/crtbegin.o
 *fill*         0x080012c4        0x4 
 .text.Note     0x080012c8       0x44 CMakeFiles/text.elf.dir/APP/music/app_music.c.obj
                0x080012c8                Note
 .text.gala_you
                0x0800130c     0x12c0 CMakeFiles/text.elf.dir/APP/music/app_music.c.obj
                0x0800130c                gala_you
 .text.app_botton_task
                0x080025cc       0x3c CMakeFiles/text.elf.dir/APP/music/app_music.c.obj
                0x080025cc                app_botton_task
 .text.HAL_I2C_WriteByte
                0x08002608       0x28 CMakeFiles/text.elf.dir/APP/oled_t/OLED/OLED.c.obj
                0x08002608                HAL_I2C_WriteByte
 .text.WriteCmd
                0x08002630        0xc CMakeFiles/text.elf.dir/APP/oled_t/OLED/OLED.c.obj
                0x08002630                WriteCmd
 .text.WriteDat
                0x0800263c        0xc CMakeFiles/text.elf.dir/APP/oled_t/OLED/OLED.c.obj
                0x0800263c                WriteDat
 .text.OLED_RefreshRAM
                0x08002648       0x44 CMakeFiles/text.elf.dir/APP/oled_t/OLED/OLED.c.obj
                0x08002648                OLED_RefreshRAM
 .text.OLED_FullyFill
                0x0800268c       0x2c CMakeFiles/text.elf.dir/APP/oled_t/OLED/OLED.c.obj
                0x0800268c                OLED_FullyFill
 .text.OLED_FullyClear
                0x080026b8        0xa CMakeFiles/text.elf.dir/APP/oled_t/OLED/OLED.c.obj
                0x080026b8                OLED_FullyClear
 .text.OLED_Init
                0x080026c2       0xb8 CMakeFiles/text.elf.dir/APP/oled_t/OLED/OLED.c.obj
                0x080026c2                OLED_Init
 *fill*         0x0800277a        0x2 
 .text.OLED_SetPixel
                0x0800277c       0x7c CMakeFiles/text.elf.dir/APP/oled_t/OLED/OLED.c.obj
                0x0800277c                OLED_SetPixel
 .text.OLED_ShowStr
                0x080027f8      0x12c CMakeFiles/text.elf.dir/APP/oled_t/OLED/OLED.c.obj
                0x080027f8                OLED_ShowStr
 .text.OLED_VerticalShift
                0x08002924       0x22 CMakeFiles/text.elf.dir/APP/oled_t/OLED/OLED.c.obj
                0x08002924                OLED_VerticalShift
 *fill*         0x08002946        0x2 
 .text.clean_page
                0x08002948       0x4c CMakeFiles/text.elf.dir/APP/oled_t/app_oled.c.obj
                0x08002948                clean_page
 .text.page_1   0x08002994       0x80 CMakeFiles/text.elf.dir/APP/oled_t/app_oled.c.obj
                0x08002994                page_1
 .text.page_2   0x08002a14       0x7c CMakeFiles/text.elf.dir/APP/oled_t/app_oled.c.obj
                0x08002a14                page_2
 .text.page_3   0x08002a90       0x84 CMakeFiles/text.elf.dir/APP/oled_t/app_oled.c.obj
                0x08002a90                page_3
 .text.page_4   0x08002b14       0x98 CMakeFiles/text.elf.dir/APP/oled_t/app_oled.c.obj
                0x08002b14                page_4
 .text.app_oled_task
                0x08002bac       0x9c CMakeFiles/text.elf.dir/APP/oled_t/app_oled.c.obj
                0x08002bac                app_oled_task
 .text.intToStr
                0x08002c48       0x78 CMakeFiles/text.elf.dir/APP/oled_t/sprintf/app_sprintf.c.obj
                0x08002c48                intToStr
 .text.d_Sprintf
                0x08002cc0       0x84 CMakeFiles/text.elf.dir/APP/oled_t/sprintf/app_sprintf.c.obj
                0x08002cc0                d_Sprintf
 .text.floatToStr
                0x08002d44       0xcc CMakeFiles/text.elf.dir/APP/oled_t/sprintf/app_sprintf.c.obj
                0x08002d44                floatToStr
 .text.f_Sprintf
                0x08002e10       0x8c CMakeFiles/text.elf.dir/APP/oled_t/sprintf/app_sprintf.c.obj
                0x08002e10                f_Sprintf
 .text.app_servo_init
                0x08002e9c       0x12 CMakeFiles/text.elf.dir/APP/servo/app_servo.c.obj
                0x08002e9c                app_servo_init
 *fill*         0x08002eae        0x2 
 .text.servo_change
                0x08002eb0       0x48 CMakeFiles/text.elf.dir/APP/servo/app_servo.c.obj
                0x08002eb0                servo_change
 .text.Key_Scan
                0x08002ef8      0x108 CMakeFiles/text.elf.dir/APP/sys/app_system.c.obj
                0x08002ef8                Key_Scan
 .text.key_state
                0x08003000       0x54 CMakeFiles/text.elf.dir/APP/sys/app_system.c.obj
                0x08003000                key_state
 .text.get_key_s
                0x08003054        0x8 CMakeFiles/text.elf.dir/APP/sys/app_system.c.obj
                0x08003054                get_key_s
 .text.app_sys_ready
                0x0800305c        0x8 CMakeFiles/text.elf.dir/APP/sys/app_system.c.obj
                0x0800305c                app_sys_ready
 .text.app_sys_init
                0x08003064       0x40 CMakeFiles/text.elf.dir/APP/sys/app_system.c.obj
                0x08003064                app_sys_init
 *fill*         0x080030a4        0x4 
 .text.app_sys_task
                0x080030a8      0x100 CMakeFiles/text.elf.dir/APP/sys/app_system.c.obj
                0x080030a8                app_sys_task
 .text.parse_float
                0x080031a8       0x8c CMakeFiles/text.elf.dir/APP/task/app_task.c.obj
                0x080031a8                parse_float
 .text.set_target_1
                0x08003234       0x20 CMakeFiles/text.elf.dir/APP/task/app_task.c.obj
                0x08003234                set_target_1
 .text.set_target_2
                0x08003254       0x20 CMakeFiles/text.elf.dir/APP/task/app_task.c.obj
                0x08003254                set_target_2
 .text.read_imu
                0x08003274       0x20 CMakeFiles/text.elf.dir/APP/task/app_task.c.obj
                0x08003274                read_imu
 .text.change_page
                0x08003294       0x34 CMakeFiles/text.elf.dir/APP/task/app_task.c.obj
                0x08003294                change_page
 .text.app_task
                0x080032c8       0xb0 CMakeFiles/text.elf.dir/APP/task/app_task.c.obj
                0x080032c8                app_task
 .text.get_app_date
                0x08003378        0x8 CMakeFiles/text.elf.dir/APP/task/app_task.c.obj
                0x08003378                get_app_date
 .text.HAL_TIM_IC_CaptureCallback
                0x08003380       0xac CMakeFiles/text.elf.dir/APP/task/app_task.c.obj
                0x08003380                HAL_TIM_IC_CaptureCallback
 .text.app_msg_vofa_send
                0x0800342c       0x5c CMakeFiles/text.elf.dir/APP/vofa/app_msg.c.obj
                0x0800342c                app_msg_vofa_send
 .text.bsp_assert_err
                0x08003488       0x28 CMakeFiles/text.elf.dir/APP/vofa/app_msg.c.obj
 .text.bsp_adc_init
                0x080034b0       0x20 CMakeFiles/text.elf.dir/BSP/adc/bsp_adc.c.obj
                0x080034b0                bsp_adc_init
 .text.bsp_adc_average
                0x080034d0      0x174 CMakeFiles/text.elf.dir/BSP/adc/bsp_adc.c.obj
                0x080034d0                bsp_adc_average
 .text.get_adc_d
                0x08003644        0x8 CMakeFiles/text.elf.dir/BSP/adc/bsp_adc.c.obj
                0x08003644                get_adc_d
 .text.bsp_buzzer_init
                0x0800364c       0x10 CMakeFiles/text.elf.dir/BSP/buzzer/bsp_buzzer.c.obj
                0x0800364c                bsp_buzzer_init
 .text.bsp_buzzer_alarm
                0x0800365c       0x24 CMakeFiles/text.elf.dir/BSP/buzzer/bsp_buzzer.c.obj
                0x0800365c                bsp_buzzer_alarm
 .text.bsp_buzzer_quiet
                0x08003680       0x14 CMakeFiles/text.elf.dir/BSP/buzzer/bsp_buzzer.c.obj
                0x08003680                bsp_buzzer_quiet
 .text.bsp_buzzer_flash
                0x08003694       0x12 CMakeFiles/text.elf.dir/BSP/buzzer/bsp_buzzer.c.obj
                0x08003694                bsp_buzzer_flash
 *fill*         0x080036a6        0x2 
 .text.bsp_assert_err
                0x080036a8       0x28 CMakeFiles/text.elf.dir/BSP/can/bsp_can.c.obj
 .text.bsp_can_rx_sol
                0x080036d0       0x94 CMakeFiles/text.elf.dir/BSP/can/bsp_can.c.obj
                0x080036d0                bsp_can_rx_sol
 .text.HAL_CAN_RxFifo0MsgPendingCallback
                0x08003764       0x2c CMakeFiles/text.elf.dir/BSP/can/bsp_can.c.obj
                0x08003764                HAL_CAN_RxFifo0MsgPendingCallback
 .text.HAL_CAN_RxFifo1MsgPendingCallback
                0x08003790       0x2c CMakeFiles/text.elf.dir/BSP/can/bsp_can.c.obj
                0x08003790                HAL_CAN_RxFifo1MsgPendingCallback
 .text.KalmanFilter_Update
                0x080037bc       0x60 CMakeFiles/text.elf.dir/BSP/imu/MPU6050.c.obj
 .text.MPU6050_Write_REG
                0x0800381c       0x30 CMakeFiles/text.elf.dir/BSP/imu/MPU6050.c.obj
                0x0800381c                MPU6050_Write_REG
 .text.MPU6050_Register_init
                0x0800384c       0xa4 CMakeFiles/text.elf.dir/BSP/imu/MPU6050.c.obj
 .text.MPU6050_Read_REG
                0x080038f0       0x30 CMakeFiles/text.elf.dir/BSP/imu/MPU6050.c.obj
                0x080038f0                MPU6050_Read_REG
 .text.MPU6050_SoftCalibrate_Z
                0x08003920       0x50 CMakeFiles/text.elf.dir/BSP/imu/MPU6050.c.obj
 .text.MPU6050_init
                0x08003970       0x4c CMakeFiles/text.elf.dir/BSP/imu/MPU6050.c.obj
                0x08003970                MPU6050_init
 .text.get_imu_flag
                0x080039bc        0xc CMakeFiles/text.elf.dir/BSP/imu/MPU6050.c.obj
                0x080039bc                get_imu_flag
 .text.MPU6050_Get_Angle
                0x080039c8      0x30c CMakeFiles/text.elf.dir/BSP/imu/MPU6050.c.obj
                0x080039c8                MPU6050_Get_Angle
 .text.bsp_led_init
                0x08003cd4       0x24 CMakeFiles/text.elf.dir/BSP/led/bsp_led.c.obj
                0x08003cd4                bsp_led_init
 .text.bsp_led_set
                0x08003cf8       0x10 CMakeFiles/text.elf.dir/BSP/led/bsp_led.c.obj
                0x08003cf8                bsp_led_set
 .text.bsp_assert_err
                0x08003d08       0x28 CMakeFiles/text.elf.dir/BSP/tim/bsp_tim.c.obj
 .text.bsp_tim_set
                0x08003d30       0x18 CMakeFiles/text.elf.dir/BSP/tim/bsp_tim.c.obj
                0x08003d30                bsp_tim_set
 .text.bsp_tim_config
                0x08003d48       0x84 CMakeFiles/text.elf.dir/BSP/tim/bsp_tim.c.obj
                0x08003d48                bsp_tim_config
 .text.bsp_tim_set_blank
                0x08003dcc       0xa8 CMakeFiles/text.elf.dir/BSP/tim/bsp_tim.c.obj
                0x08003dcc                bsp_tim_set_blank
 .text.bsp_tim_pwm_enable
                0x08003e74        0x8 CMakeFiles/text.elf.dir/BSP/tim/bsp_tim.c.obj
                0x08003e74                bsp_tim_pwm_enable
 .text.bsp_assert_err
                0x08003e7c       0x28 CMakeFiles/text.elf.dir/BSP/uart/bsp_uart.c.obj
 .text.bsp_uart_init
                0x08003ea4       0x28 CMakeFiles/text.elf.dir/BSP/uart/bsp_uart.c.obj
                0x08003ea4                bsp_uart_init
 .text.bsp_uart_set_callback
                0x08003ecc       0x68 CMakeFiles/text.elf.dir/BSP/uart/bsp_uart.c.obj
                0x08003ecc                bsp_uart_set_callback
 .text.bsp_uart_send
                0x08003f34       0x24 CMakeFiles/text.elf.dir/BSP/uart/bsp_uart.c.obj
                0x08003f34                bsp_uart_send
 .text.HAL_UARTEx_RxEventCallback
                0x08003f58       0x68 CMakeFiles/text.elf.dir/BSP/uart/bsp_uart.c.obj
                0x08003f58                HAL_UARTEx_RxEventCallback
 .text.HAL_UART_ErrorCallback
                0x08003fc0       0x44 CMakeFiles/text.elf.dir/BSP/uart/bsp_uart.c.obj
                0x08003fc0                HAL_UART_ErrorCallback
 .text.MX_ADC1_Init
                0x08004004       0xac CMakeFiles/text.elf.dir/Core/Src/adc.c.obj
                0x08004004                MX_ADC1_Init
 .text.HAL_ADC_MspInit
                0x080040b0       0x9c CMakeFiles/text.elf.dir/Core/Src/adc.c.obj
                0x080040b0                HAL_ADC_MspInit
 .text.MX_CAN_Init
                0x0800414c       0x40 CMakeFiles/text.elf.dir/Core/Src/can.c.obj
                0x0800414c                MX_CAN_Init
 .text.HAL_CAN_MspInit
                0x0800418c       0x94 CMakeFiles/text.elf.dir/Core/Src/can.c.obj
                0x0800418c                HAL_CAN_MspInit
 .text.MX_DMA_Init
                0x08004220       0x74 CMakeFiles/text.elf.dir/Core/Src/dma.c.obj
                0x08004220                MX_DMA_Init
 .text.MX_FREERTOS_Init
                0x08004294       0x6c CMakeFiles/text.elf.dir/Core/Src/freertos.c.obj
                0x08004294                MX_FREERTOS_Init
 .text.MX_GPIO_Init
                0x08004300       0xc8 CMakeFiles/text.elf.dir/Core/Src/gpio.c.obj
                0x08004300                MX_GPIO_Init
 .text.MX_I2C1_Init
                0x080043c8       0x3c CMakeFiles/text.elf.dir/Core/Src/i2c.c.obj
                0x080043c8                MX_I2C1_Init
 .text.MX_I2C2_Init
                0x08004404       0x3c CMakeFiles/text.elf.dir/Core/Src/i2c.c.obj
                0x08004404                MX_I2C2_Init
 .text.HAL_I2C_MspInit
                0x08004440       0xac CMakeFiles/text.elf.dir/Core/Src/i2c.c.obj
                0x08004440                HAL_I2C_MspInit
 .text.HAL_TIM_PeriodElapsedCallback
                0x080044ec       0x12 CMakeFiles/text.elf.dir/Core/Src/main.c.obj
                0x080044ec                HAL_TIM_PeriodElapsedCallback
 .text.Error_Handler
                0x080044fe        0x4 CMakeFiles/text.elf.dir/Core/Src/main.c.obj
                0x080044fe                Error_Handler
 .text.SystemClock_Config
                0x08004502       0x8e CMakeFiles/text.elf.dir/Core/Src/main.c.obj
                0x08004502                SystemClock_Config
 .text.main     0x08004590       0x8c CMakeFiles/text.elf.dir/Core/Src/main.c.obj
                0x08004590                main
 .text.MX_RTC_Init
                0x0800461c       0x8c CMakeFiles/text.elf.dir/Core/Src/rtc.c.obj
                0x0800461c                MX_RTC_Init
 .text.HAL_RTC_MspInit
                0x080046a8       0x40 CMakeFiles/text.elf.dir/Core/Src/rtc.c.obj
                0x080046a8                HAL_RTC_MspInit
 .text.HAL_MspInit
                0x080046e8       0x54 CMakeFiles/text.elf.dir/Core/Src/stm32f1xx_hal_msp.c.obj
                0x080046e8                HAL_MspInit
 .text.HAL_InitTick
                0x0800473c       0xa0 CMakeFiles/text.elf.dir/Core/Src/stm32f1xx_hal_timebase_tim.c.obj
                0x0800473c                HAL_InitTick
 .text.NMI_Handler
                0x080047dc        0x2 CMakeFiles/text.elf.dir/Core/Src/stm32f1xx_it.c.obj
                0x080047dc                NMI_Handler
 .text.HardFault_Handler
                0x080047de        0x2 CMakeFiles/text.elf.dir/Core/Src/stm32f1xx_it.c.obj
                0x080047de                HardFault_Handler
 .text.MemManage_Handler
                0x080047e0        0x2 CMakeFiles/text.elf.dir/Core/Src/stm32f1xx_it.c.obj
                0x080047e0                MemManage_Handler
 .text.BusFault_Handler
                0x080047e2        0x2 CMakeFiles/text.elf.dir/Core/Src/stm32f1xx_it.c.obj
                0x080047e2                BusFault_Handler
 .text.UsageFault_Handler
                0x080047e4        0x2 CMakeFiles/text.elf.dir/Core/Src/stm32f1xx_it.c.obj
                0x080047e4                UsageFault_Handler
 .text.DebugMon_Handler
                0x080047e6        0x2 CMakeFiles/text.elf.dir/Core/Src/stm32f1xx_it.c.obj
                0x080047e6                DebugMon_Handler
 .text.DMA1_Channel1_IRQHandler
                0x080047e8       0x10 CMakeFiles/text.elf.dir/Core/Src/stm32f1xx_it.c.obj
                0x080047e8                DMA1_Channel1_IRQHandler
 .text.DMA1_Channel4_IRQHandler
                0x080047f8       0x10 CMakeFiles/text.elf.dir/Core/Src/stm32f1xx_it.c.obj
                0x080047f8                DMA1_Channel4_IRQHandler
 .text.DMA1_Channel5_IRQHandler
                0x08004808       0x10 CMakeFiles/text.elf.dir/Core/Src/stm32f1xx_it.c.obj
                0x08004808                DMA1_Channel5_IRQHandler
 .text.DMA1_Channel6_IRQHandler
                0x08004818       0x10 CMakeFiles/text.elf.dir/Core/Src/stm32f1xx_it.c.obj
                0x08004818                DMA1_Channel6_IRQHandler
 .text.DMA1_Channel7_IRQHandler
                0x08004828       0x10 CMakeFiles/text.elf.dir/Core/Src/stm32f1xx_it.c.obj
                0x08004828                DMA1_Channel7_IRQHandler
 .text.USB_LP_CAN1_RX0_IRQHandler
                0x08004838       0x10 CMakeFiles/text.elf.dir/Core/Src/stm32f1xx_it.c.obj
                0x08004838                USB_LP_CAN1_RX0_IRQHandler
 .text.CAN1_RX1_IRQHandler
                0x08004848       0x10 CMakeFiles/text.elf.dir/Core/Src/stm32f1xx_it.c.obj
                0x08004848                CAN1_RX1_IRQHandler
 .text.TIM1_CC_IRQHandler
                0x08004858       0x10 CMakeFiles/text.elf.dir/Core/Src/stm32f1xx_it.c.obj
                0x08004858                TIM1_CC_IRQHandler
 .text.TIM2_IRQHandler
                0x08004868       0x10 CMakeFiles/text.elf.dir/Core/Src/stm32f1xx_it.c.obj
                0x08004868                TIM2_IRQHandler
 .text.USART1_IRQHandler
                0x08004878       0x10 CMakeFiles/text.elf.dir/Core/Src/stm32f1xx_it.c.obj
                0x08004878                USART1_IRQHandler
 .text.USART2_IRQHandler
                0x08004888       0x10 CMakeFiles/text.elf.dir/Core/Src/stm32f1xx_it.c.obj
                0x08004888                USART2_IRQHandler
 .text._sbrk    0x08004898       0x48 CMakeFiles/text.elf.dir/Core/Src/sysmem.c.obj
                0x08004898                _sbrk
 .text.SystemInit
                0x080048e0        0x2 CMakeFiles/text.elf.dir/Core/Src/system_stm32f1xx.c.obj
                0x080048e0                SystemInit
 *fill*         0x080048e2        0x2 
 .text.MX_TIM1_Init
                0x080048e4       0xbc CMakeFiles/text.elf.dir/Core/Src/tim.c.obj
                0x080048e4                MX_TIM1_Init
 .text.HAL_TIM_Base_MspInit
                0x080049a0       0xb0 CMakeFiles/text.elf.dir/Core/Src/tim.c.obj
                0x080049a0                HAL_TIM_Base_MspInit
 .text.HAL_TIM_MspPostInit
                0x08004a50       0xa8 CMakeFiles/text.elf.dir/Core/Src/tim.c.obj
                0x08004a50                HAL_TIM_MspPostInit
 .text.MX_TIM3_Init
                0x08004af8       0xec CMakeFiles/text.elf.dir/Core/Src/tim.c.obj
                0x08004af8                MX_TIM3_Init
 .text.MX_TIM4_Init
                0x08004be4       0xc0 CMakeFiles/text.elf.dir/Core/Src/tim.c.obj
                0x08004be4                MX_TIM4_Init
 .text.HAL_TIM_Base_MspDeInit
                0x08004ca4       0x64 CMakeFiles/text.elf.dir/Core/Src/tim.c.obj
                0x08004ca4                HAL_TIM_Base_MspDeInit
 .text.MX_USART1_UART_Init
                0x08004d08       0x34 CMakeFiles/text.elf.dir/Core/Src/usart.c.obj
                0x08004d08                MX_USART1_UART_Init
 .text.MX_USART2_UART_Init
                0x08004d3c       0x34 CMakeFiles/text.elf.dir/Core/Src/usart.c.obj
                0x08004d3c                MX_USART2_UART_Init
 .text.HAL_UART_MspInit
                0x08004d70      0x1c0 CMakeFiles/text.elf.dir/Core/Src/usart.c.obj
                0x08004d70                HAL_UART_MspInit
 .text.Reset_Handler
                0x08004f30       0x48 CMakeFiles/text.elf.dir/Core/Startup/startup_stm32f103c8tx.s.obj
                0x08004f30                Reset_Handler
 .text.Default_Handler
                0x08004f78        0x2 CMakeFiles/text.elf.dir/Core/Startup/startup_stm32f103c8tx.s.obj
                0x08004f78                RTC_Alarm_IRQHandler
                0x08004f78                EXTI2_IRQHandler
                0x08004f78                PVD_IRQHandler
                0x08004f78                EXTI3_IRQHandler
                0x08004f78                EXTI0_IRQHandler
                0x08004f78                I2C2_EV_IRQHandler
                0x08004f78                ADC1_2_IRQHandler
                0x08004f78                SPI1_IRQHandler
                0x08004f78                TAMPER_IRQHandler
                0x08004f78                USART3_IRQHandler
                0x08004f78                RTC_IRQHandler
                0x08004f78                TIM4_IRQHandler
                0x08004f78                I2C1_EV_IRQHandler
                0x08004f78                TIM3_IRQHandler
                0x08004f78                RCC_IRQHandler
                0x08004f78                TIM1_TRG_COM_IRQHandler
                0x08004f78                Default_Handler
                0x08004f78                EXTI15_10_IRQHandler
                0x08004f78                EXTI9_5_IRQHandler
                0x08004f78                SPI2_IRQHandler
                0x08004f78                EXTI4_IRQHandler
                0x08004f78                USB_HP_CAN1_TX_IRQHandler
                0x08004f78                DMA1_Channel3_IRQHandler
                0x08004f78                TIM1_UP_IRQHandler
                0x08004f78                WWDG_IRQHandler
                0x08004f78                TIM1_BRK_IRQHandler
                0x08004f78                EXTI1_IRQHandler
                0x08004f78                I2C2_ER_IRQHandler
                0x08004f78                DMA1_Channel2_IRQHandler
                0x08004f78                CAN1_SCE_IRQHandler
                0x08004f78                FLASH_IRQHandler
                0x08004f78                I2C1_ER_IRQHandler
                0x08004f78                USBWakeUp_IRQHandler
 *fill*         0x08004f7a        0x2 
 .text.HAL_Init
                0x08004f7c       0x24 CMakeFiles/text.elf.dir/Drivers/STM32F1xx_HAL_Driver/Src/stm32f1xx_hal.c.obj
                0x08004f7c                HAL_Init
 .text.HAL_IncTick
                0x08004fa0       0x18 CMakeFiles/text.elf.dir/Drivers/STM32F1xx_HAL_Driver/Src/stm32f1xx_hal.c.obj
                0x08004fa0                HAL_IncTick
 .text.HAL_GetTick
                0x08004fb8        0xc CMakeFiles/text.elf.dir/Drivers/STM32F1xx_HAL_Driver/Src/stm32f1xx_hal.c.obj
                0x08004fb8                HAL_GetTick
 .text.HAL_Delay
                0x08004fc4       0x28 CMakeFiles/text.elf.dir/Drivers/STM32F1xx_HAL_Driver/Src/stm32f1xx_hal.c.obj
                0x08004fc4                HAL_Delay
 .text.HAL_ADC_ConvCpltCallback
                0x08004fec        0x2 CMakeFiles/text.elf.dir/Drivers/STM32F1xx_HAL_Driver/Src/stm32f1xx_hal_adc.c.obj
                0x08004fec                HAL_ADC_ConvCpltCallback
 .text.ADC_DMAConvCplt
                0x08004fee       0x52 CMakeFiles/text.elf.dir/Drivers/STM32F1xx_HAL_Driver/Src/stm32f1xx_hal_adc.c.obj
                0x08004fee                ADC_DMAConvCplt
 .text.HAL_ADC_ConvHalfCpltCallback
                0x08005040        0x2 CMakeFiles/text.elf.dir/Drivers/STM32F1xx_HAL_Driver/Src/stm32f1xx_hal_adc.c.obj
                0x08005040                HAL_ADC_ConvHalfCpltCallback
 .text.ADC_DMAHalfConvCplt
                0x08005042        0xa CMakeFiles/text.elf.dir/Drivers/STM32F1xx_HAL_Driver/Src/stm32f1xx_hal_adc.c.obj
                0x08005042                ADC_DMAHalfConvCplt
 .text.HAL_ADC_ErrorCallback
                0x0800504c        0x2 CMakeFiles/text.elf.dir/Drivers/STM32F1xx_HAL_Driver/Src/stm32f1xx_hal_adc.c.obj
                0x0800504c                HAL_ADC_ErrorCallback
 .text.ADC_DMAError
                0x0800504e       0x1a CMakeFiles/text.elf.dir/Drivers/STM32F1xx_HAL_Driver/Src/stm32f1xx_hal_adc.c.obj
                0x0800504e                ADC_DMAError
 .text.HAL_ADC_ConfigChannel
                0x08005068      0x140 CMakeFiles/text.elf.dir/Drivers/STM32F1xx_HAL_Driver/Src/stm32f1xx_hal_adc.c.obj
                0x08005068                HAL_ADC_ConfigChannel
 .text.ADC_Enable
                0x080051a8       0x88 CMakeFiles/text.elf.dir/Drivers/STM32F1xx_HAL_Driver/Src/stm32f1xx_hal_adc.c.obj
                0x080051a8                ADC_Enable
 .text.HAL_ADC_Start_DMA
                0x08005230      0x130 CMakeFiles/text.elf.dir/Drivers/STM32F1xx_HAL_Driver/Src/stm32f1xx_hal_adc.c.obj
                0x08005230                HAL_ADC_Start_DMA
 .text.ADC_ConversionStop_Disable
                0x08005360       0x56 CMakeFiles/text.elf.dir/Drivers/STM32F1xx_HAL_Driver/Src/stm32f1xx_hal_adc.c.obj
                0x08005360                ADC_ConversionStop_Disable
 *fill*         0x080053b6        0x2 
 .text.HAL_ADC_Init
                0x080053b8      0x108 CMakeFiles/text.elf.dir/Drivers/STM32F1xx_HAL_Driver/Src/stm32f1xx_hal_adc.c.obj
                0x080053b8                HAL_ADC_Init
 .text.HAL_ADCEx_Calibration_Start
                0x080054c0      0x100 CMakeFiles/text.elf.dir/Drivers/STM32F1xx_HAL_Driver/Src/stm32f1xx_hal_adc_ex.c.obj
                0x080054c0                HAL_ADCEx_Calibration_Start
 .text.HAL_CAN_Init
                0x080055c0      0x14c CMakeFiles/text.elf.dir/Drivers/STM32F1xx_HAL_Driver/Src/stm32f1xx_hal_can.c.obj
                0x080055c0                HAL_CAN_Init
 .text.HAL_CAN_GetRxMessage
                0x0800570c      0x16a CMakeFiles/text.elf.dir/Drivers/STM32F1xx_HAL_Driver/Src/stm32f1xx_hal_can.c.obj
                0x0800570c                HAL_CAN_GetRxMessage
 .text.HAL_CAN_GetRxFifoFillLevel
                0x08005876       0x26 CMakeFiles/text.elf.dir/Drivers/STM32F1xx_HAL_Driver/Src/stm32f1xx_hal_can.c.obj
                0x08005876                HAL_CAN_GetRxFifoFillLevel
 .text.HAL_CAN_TxMailbox0CompleteCallback
                0x0800589c        0x2 CMakeFiles/text.elf.dir/Drivers/STM32F1xx_HAL_Driver/Src/stm32f1xx_hal_can.c.obj
                0x0800589c                HAL_CAN_TxMailbox0CompleteCallback
 .text.HAL_CAN_TxMailbox1CompleteCallback
                0x0800589e        0x2 CMakeFiles/text.elf.dir/Drivers/STM32F1xx_HAL_Driver/Src/stm32f1xx_hal_can.c.obj
                0x0800589e                HAL_CAN_TxMailbox1CompleteCallback
 .text.HAL_CAN_TxMailbox2CompleteCallback
                0x080058a0        0x2 CMakeFiles/text.elf.dir/Drivers/STM32F1xx_HAL_Driver/Src/stm32f1xx_hal_can.c.obj
                0x080058a0                HAL_CAN_TxMailbox2CompleteCallback
 .text.HAL_CAN_TxMailbox0AbortCallback
                0x080058a2        0x2 CMakeFiles/text.elf.dir/Drivers/STM32F1xx_HAL_Driver/Src/stm32f1xx_hal_can.c.obj
                0x080058a2                HAL_CAN_TxMailbox0AbortCallback
 .text.HAL_CAN_TxMailbox1AbortCallback
                0x080058a4        0x2 CMakeFiles/text.elf.dir/Drivers/STM32F1xx_HAL_Driver/Src/stm32f1xx_hal_can.c.obj
                0x080058a4                HAL_CAN_TxMailbox1AbortCallback
 .text.HAL_CAN_TxMailbox2AbortCallback
                0x080058a6        0x2 CMakeFiles/text.elf.dir/Drivers/STM32F1xx_HAL_Driver/Src/stm32f1xx_hal_can.c.obj
                0x080058a6                HAL_CAN_TxMailbox2AbortCallback
 .text.HAL_CAN_RxFifo0FullCallback
                0x080058a8        0x2 CMakeFiles/text.elf.dir/Drivers/STM32F1xx_HAL_Driver/Src/stm32f1xx_hal_can.c.obj
                0x080058a8                HAL_CAN_RxFifo0FullCallback
 .text.HAL_CAN_RxFifo1FullCallback
                0x080058aa        0x2 CMakeFiles/text.elf.dir/Drivers/STM32F1xx_HAL_Driver/Src/stm32f1xx_hal_can.c.obj
                0x080058aa                HAL_CAN_RxFifo1FullCallback
 .text.HAL_CAN_SleepCallback
                0x080058ac        0x2 CMakeFiles/text.elf.dir/Drivers/STM32F1xx_HAL_Driver/Src/stm32f1xx_hal_can.c.obj
                0x080058ac                HAL_CAN_SleepCallback
 .text.HAL_CAN_WakeUpFromRxMsgCallback
                0x080058ae        0x2 CMakeFiles/text.elf.dir/Drivers/STM32F1xx_HAL_Driver/Src/stm32f1xx_hal_can.c.obj
                0x080058ae                HAL_CAN_WakeUpFromRxMsgCallback
 .text.HAL_CAN_ErrorCallback
                0x080058b0        0x2 CMakeFiles/text.elf.dir/Drivers/STM32F1xx_HAL_Driver/Src/stm32f1xx_hal_can.c.obj
                0x080058b0                HAL_CAN_ErrorCallback
 .text.HAL_CAN_IRQHandler
                0x080058b2      0x250 CMakeFiles/text.elf.dir/Drivers/STM32F1xx_HAL_Driver/Src/stm32f1xx_hal_can.c.obj
                0x080058b2                HAL_CAN_IRQHandler
 *fill*         0x08005b02        0x2 
 .text.__NVIC_DisableIRQ
                0x08005b04       0x24 CMakeFiles/text.elf.dir/Drivers/STM32F1xx_HAL_Driver/Src/stm32f1xx_hal_cortex.c.obj
 .text.__NVIC_SetPriority
                0x08005b28       0x28 CMakeFiles/text.elf.dir/Drivers/STM32F1xx_HAL_Driver/Src/stm32f1xx_hal_cortex.c.obj
 .text.NVIC_EncodePriority
                0x08005b50       0x3e CMakeFiles/text.elf.dir/Drivers/STM32F1xx_HAL_Driver/Src/stm32f1xx_hal_cortex.c.obj
 *fill*         0x08005b8e        0x2 
 .text.HAL_NVIC_SetPriorityGrouping
                0x08005b90       0x24 CMakeFiles/text.elf.dir/Drivers/STM32F1xx_HAL_Driver/Src/stm32f1xx_hal_cortex.c.obj
                0x08005b90                HAL_NVIC_SetPriorityGrouping
 .text.HAL_NVIC_SetPriority
                0x08005bb4       0x20 CMakeFiles/text.elf.dir/Drivers/STM32F1xx_HAL_Driver/Src/stm32f1xx_hal_cortex.c.obj
                0x08005bb4                HAL_NVIC_SetPriority
 .text.HAL_NVIC_EnableIRQ
                0x08005bd4       0x1c CMakeFiles/text.elf.dir/Drivers/STM32F1xx_HAL_Driver/Src/stm32f1xx_hal_cortex.c.obj
                0x08005bd4                HAL_NVIC_EnableIRQ
 .text.HAL_NVIC_DisableIRQ
                0x08005bf0        0x8 CMakeFiles/text.elf.dir/Drivers/STM32F1xx_HAL_Driver/Src/stm32f1xx_hal_cortex.c.obj
                0x08005bf0                HAL_NVIC_DisableIRQ
 .text.DMA_SetConfig
                0x08005bf8       0x2c CMakeFiles/text.elf.dir/Drivers/STM32F1xx_HAL_Driver/Src/stm32f1xx_hal_dma.c.obj
 .text.HAL_DMA_Init
                0x08005c24       0x68 CMakeFiles/text.elf.dir/Drivers/STM32F1xx_HAL_Driver/Src/stm32f1xx_hal_dma.c.obj
                0x08005c24                HAL_DMA_Init
 .text.HAL_DMA_Start_IT
                0x08005c8c       0x76 CMakeFiles/text.elf.dir/Drivers/STM32F1xx_HAL_Driver/Src/stm32f1xx_hal_dma.c.obj
                0x08005c8c                HAL_DMA_Start_IT
 .text.HAL_DMA_Abort
                0x08005d02       0x46 CMakeFiles/text.elf.dir/Drivers/STM32F1xx_HAL_Driver/Src/stm32f1xx_hal_dma.c.obj
                0x08005d02                HAL_DMA_Abort
 .text.HAL_DMA_Abort_IT
                0x08005d48       0x98 CMakeFiles/text.elf.dir/Drivers/STM32F1xx_HAL_Driver/Src/stm32f1xx_hal_dma.c.obj
                0x08005d48                HAL_DMA_Abort_IT
 .text.HAL_DMA_IRQHandler
                0x08005de0      0x144 CMakeFiles/text.elf.dir/Drivers/STM32F1xx_HAL_Driver/Src/stm32f1xx_hal_dma.c.obj
                0x08005de0                HAL_DMA_IRQHandler
 .text.HAL_GPIO_Init
                0x08005f24      0x21c CMakeFiles/text.elf.dir/Drivers/STM32F1xx_HAL_Driver/Src/stm32f1xx_hal_gpio.c.obj
                0x08005f24                HAL_GPIO_Init
 .text.HAL_GPIO_DeInit
                0x08006140       0xfc CMakeFiles/text.elf.dir/Drivers/STM32F1xx_HAL_Driver/Src/stm32f1xx_hal_gpio.c.obj
                0x08006140                HAL_GPIO_DeInit
 .text.HAL_GPIO_ReadPin
                0x0800623c        0xe CMakeFiles/text.elf.dir/Drivers/STM32F1xx_HAL_Driver/Src/stm32f1xx_hal_gpio.c.obj
                0x0800623c                HAL_GPIO_ReadPin
 .text.HAL_GPIO_WritePin
                0x0800624a        0xc CMakeFiles/text.elf.dir/Drivers/STM32F1xx_HAL_Driver/Src/stm32f1xx_hal_gpio.c.obj
                0x0800624a                HAL_GPIO_WritePin
 .text.I2C_IsAcknowledgeFailed
                0x08006256       0x32 CMakeFiles/text.elf.dir/Drivers/STM32F1xx_HAL_Driver/Src/stm32f1xx_hal_i2c.c.obj
 .text.I2C_WaitOnFlagUntilTimeout
                0x08006288       0xaa CMakeFiles/text.elf.dir/Drivers/STM32F1xx_HAL_Driver/Src/stm32f1xx_hal_i2c.c.obj
 .text.I2C_WaitOnMasterAddressFlagUntilTimeout
                0x08006332       0xd6 CMakeFiles/text.elf.dir/Drivers/STM32F1xx_HAL_Driver/Src/stm32f1xx_hal_i2c.c.obj
 .text.I2C_MasterRequestWrite
                0x08006408       0xb4 CMakeFiles/text.elf.dir/Drivers/STM32F1xx_HAL_Driver/Src/stm32f1xx_hal_i2c.c.obj
 .text.I2C_WaitOnTXEFlagUntilTimeout
                0x080064bc       0x5e CMakeFiles/text.elf.dir/Drivers/STM32F1xx_HAL_Driver/Src/stm32f1xx_hal_i2c.c.obj
 *fill*         0x0800651a        0x2 
 .text.I2C_RequestMemoryWrite
                0x0800651c       0xd8 CMakeFiles/text.elf.dir/Drivers/STM32F1xx_HAL_Driver/Src/stm32f1xx_hal_i2c.c.obj
 .text.I2C_RequestMemoryRead
                0x080065f4      0x154 CMakeFiles/text.elf.dir/Drivers/STM32F1xx_HAL_Driver/Src/stm32f1xx_hal_i2c.c.obj
 .text.I2C_WaitOnBTFFlagUntilTimeout
                0x08006748       0x5e CMakeFiles/text.elf.dir/Drivers/STM32F1xx_HAL_Driver/Src/stm32f1xx_hal_i2c.c.obj
 .text.I2C_WaitOnRXNEFlagUntilTimeout
                0x080067a6       0x78 CMakeFiles/text.elf.dir/Drivers/STM32F1xx_HAL_Driver/Src/stm32f1xx_hal_i2c.c.obj
 *fill*         0x0800681e        0x2 
 .text.HAL_I2C_Init
                0x08006820      0x1bc CMakeFiles/text.elf.dir/Drivers/STM32F1xx_HAL_Driver/Src/stm32f1xx_hal_i2c.c.obj
                0x08006820                HAL_I2C_Init
 .text.HAL_I2C_Master_Transmit
                0x080069dc      0x178 CMakeFiles/text.elf.dir/Drivers/STM32F1xx_HAL_Driver/Src/stm32f1xx_hal_i2c.c.obj
                0x080069dc                HAL_I2C_Master_Transmit
 .text.HAL_I2C_Mem_Write
                0x08006b54      0x164 CMakeFiles/text.elf.dir/Drivers/STM32F1xx_HAL_Driver/Src/stm32f1xx_hal_i2c.c.obj
                0x08006b54                HAL_I2C_Mem_Write
 .text.HAL_I2C_Mem_Read
                0x08006cb8      0x35c CMakeFiles/text.elf.dir/Drivers/STM32F1xx_HAL_Driver/Src/stm32f1xx_hal_i2c.c.obj
                0x08006cb8                HAL_I2C_Mem_Read
 .text.HAL_PWR_EnableBkUpAccess
                0x08007014        0xc CMakeFiles/text.elf.dir/Drivers/STM32F1xx_HAL_Driver/Src/stm32f1xx_hal_pwr.c.obj
                0x08007014                HAL_PWR_EnableBkUpAccess
 .text.RCC_Delay
                0x08007020       0x2c CMakeFiles/text.elf.dir/Drivers/STM32F1xx_HAL_Driver/Src/stm32f1xx_hal_rcc.c.obj
 .text.HAL_RCC_OscConfig
                0x0800704c      0x410 CMakeFiles/text.elf.dir/Drivers/STM32F1xx_HAL_Driver/Src/stm32f1xx_hal_rcc.c.obj
                0x0800704c                HAL_RCC_OscConfig
 .text.HAL_RCC_GetSysClockFreq
                0x0800745c       0x54 CMakeFiles/text.elf.dir/Drivers/STM32F1xx_HAL_Driver/Src/stm32f1xx_hal_rcc.c.obj
                0x0800745c                HAL_RCC_GetSysClockFreq
 .text.HAL_RCC_ClockConfig
                0x080074b0      0x16c CMakeFiles/text.elf.dir/Drivers/STM32F1xx_HAL_Driver/Src/stm32f1xx_hal_rcc.c.obj
                0x080074b0                HAL_RCC_ClockConfig
 .text.HAL_RCC_GetHCLKFreq
                0x0800761c        0xc CMakeFiles/text.elf.dir/Drivers/STM32F1xx_HAL_Driver/Src/stm32f1xx_hal_rcc.c.obj
                0x0800761c                HAL_RCC_GetHCLKFreq
 .text.HAL_RCC_GetPCLK1Freq
                0x08007628       0x20 CMakeFiles/text.elf.dir/Drivers/STM32F1xx_HAL_Driver/Src/stm32f1xx_hal_rcc.c.obj
                0x08007628                HAL_RCC_GetPCLK1Freq
 .text.HAL_RCC_GetPCLK2Freq
                0x08007648       0x20 CMakeFiles/text.elf.dir/Drivers/STM32F1xx_HAL_Driver/Src/stm32f1xx_hal_rcc.c.obj
                0x08007648                HAL_RCC_GetPCLK2Freq
 .text.HAL_RCC_GetClockConfig
                0x08007668       0x3c CMakeFiles/text.elf.dir/Drivers/STM32F1xx_HAL_Driver/Src/stm32f1xx_hal_rcc.c.obj
                0x08007668                HAL_RCC_GetClockConfig
 .text.HAL_RCCEx_PeriphCLKConfig
                0x080076a4      0x118 CMakeFiles/text.elf.dir/Drivers/STM32F1xx_HAL_Driver/Src/stm32f1xx_hal_rcc_ex.c.obj
                0x080076a4                HAL_RCCEx_PeriphCLKConfig
 .text.HAL_RCCEx_GetPeriphCLKFreq
                0x080077bc       0xd8 CMakeFiles/text.elf.dir/Drivers/STM32F1xx_HAL_Driver/Src/stm32f1xx_hal_rcc_ex.c.obj
                0x080077bc                HAL_RCCEx_GetPeriphCLKFreq
 .text.RTC_ReadTimeCounter
                0x08007894       0x2a CMakeFiles/text.elf.dir/Drivers/STM32F1xx_HAL_Driver/Src/stm32f1xx_hal_rtc.c.obj
 .text.RTC_ReadAlarmCounter
                0x080078be        0xe CMakeFiles/text.elf.dir/Drivers/STM32F1xx_HAL_Driver/Src/stm32f1xx_hal_rtc.c.obj
 .text.RTC_Bcd2ToByte
                0x080078cc       0x12 CMakeFiles/text.elf.dir/Drivers/STM32F1xx_HAL_Driver/Src/stm32f1xx_hal_rtc.c.obj
 *fill*         0x080078de        0x2 
 .text.RTC_WeekDayNum
                0x080078e0       0x98 CMakeFiles/text.elf.dir/Drivers/STM32F1xx_HAL_Driver/Src/stm32f1xx_hal_rtc.c.obj
 .text.RTC_EnterInitMode
                0x08007978       0x30 CMakeFiles/text.elf.dir/Drivers/STM32F1xx_HAL_Driver/Src/stm32f1xx_hal_rtc.c.obj
 .text.RTC_ExitInitMode
                0x080079a8       0x32 CMakeFiles/text.elf.dir/Drivers/STM32F1xx_HAL_Driver/Src/stm32f1xx_hal_rtc.c.obj
 .text.RTC_WriteTimeCounter
                0x080079da       0x2a CMakeFiles/text.elf.dir/Drivers/STM32F1xx_HAL_Driver/Src/stm32f1xx_hal_rtc.c.obj
 .text.RTC_WriteAlarmCounter
                0x08007a04       0x2a CMakeFiles/text.elf.dir/Drivers/STM32F1xx_HAL_Driver/Src/stm32f1xx_hal_rtc.c.obj
 .text.HAL_RTC_SetTime
                0x08007a2e       0xc2 CMakeFiles/text.elf.dir/Drivers/STM32F1xx_HAL_Driver/Src/stm32f1xx_hal_rtc.c.obj
                0x08007a2e                HAL_RTC_SetTime
 .text.HAL_RTC_SetDate
                0x08007af0       0xd4 CMakeFiles/text.elf.dir/Drivers/STM32F1xx_HAL_Driver/Src/stm32f1xx_hal_rtc.c.obj
                0x08007af0                HAL_RTC_SetDate
 .text.HAL_RTC_WaitForSynchro
                0x08007bc4       0x38 CMakeFiles/text.elf.dir/Drivers/STM32F1xx_HAL_Driver/Src/stm32f1xx_hal_rtc.c.obj
                0x08007bc4                HAL_RTC_WaitForSynchro
 .text.HAL_RTC_Init
                0x08007bfc       0xb0 CMakeFiles/text.elf.dir/Drivers/STM32F1xx_HAL_Driver/Src/stm32f1xx_hal_rtc.c.obj
                0x08007bfc                HAL_RTC_Init
 .text.TIM_OC1_SetConfig
                0x08007cac       0x54 CMakeFiles/text.elf.dir/Drivers/STM32F1xx_HAL_Driver/Src/stm32f1xx_hal_tim.c.obj
 .text.TIM_OC3_SetConfig
                0x08007d00       0x5c CMakeFiles/text.elf.dir/Drivers/STM32F1xx_HAL_Driver/Src/stm32f1xx_hal_tim.c.obj
 .text.TIM_OC4_SetConfig
                0x08007d5c       0x48 CMakeFiles/text.elf.dir/Drivers/STM32F1xx_HAL_Driver/Src/stm32f1xx_hal_tim.c.obj
 .text.TIM_TI1_ConfigInputStage
                0x08007da4       0x24 CMakeFiles/text.elf.dir/Drivers/STM32F1xx_HAL_Driver/Src/stm32f1xx_hal_tim.c.obj
 .text.TIM_TI2_SetConfig
                0x08007dc8       0x36 CMakeFiles/text.elf.dir/Drivers/STM32F1xx_HAL_Driver/Src/stm32f1xx_hal_tim.c.obj
 .text.TIM_TI2_ConfigInputStage
                0x08007dfe       0x26 CMakeFiles/text.elf.dir/Drivers/STM32F1xx_HAL_Driver/Src/stm32f1xx_hal_tim.c.obj
 .text.TIM_TI3_SetConfig
                0x08007e24       0x36 CMakeFiles/text.elf.dir/Drivers/STM32F1xx_HAL_Driver/Src/stm32f1xx_hal_tim.c.obj
 .text.TIM_TI4_SetConfig
                0x08007e5a       0x36 CMakeFiles/text.elf.dir/Drivers/STM32F1xx_HAL_Driver/Src/stm32f1xx_hal_tim.c.obj
 .text.TIM_ITRx_SetConfig
                0x08007e90       0x10 CMakeFiles/text.elf.dir/Drivers/STM32F1xx_HAL_Driver/Src/stm32f1xx_hal_tim.c.obj
 .text.HAL_TIM_Base_DeInit
                0x08007ea0       0x5e CMakeFiles/text.elf.dir/Drivers/STM32F1xx_HAL_Driver/Src/stm32f1xx_hal_tim.c.obj
                0x08007ea0                HAL_TIM_Base_DeInit
 *fill*         0x08007efe        0x2 
 .text.HAL_TIM_Base_Start_IT
                0x08007f00       0x68 CMakeFiles/text.elf.dir/Drivers/STM32F1xx_HAL_Driver/Src/stm32f1xx_hal_tim.c.obj
                0x08007f00                HAL_TIM_Base_Start_IT
 .text.HAL_TIM_PWM_MspInit
                0x08007f68        0x2 CMakeFiles/text.elf.dir/Drivers/STM32F1xx_HAL_Driver/Src/stm32f1xx_hal_tim.c.obj
                0x08007f68                HAL_TIM_PWM_MspInit
 .text.HAL_TIM_IC_MspInit
                0x08007f6a        0x2 CMakeFiles/text.elf.dir/Drivers/STM32F1xx_HAL_Driver/Src/stm32f1xx_hal_tim.c.obj
                0x08007f6a                HAL_TIM_IC_MspInit
 .text.HAL_TIM_ReadCapturedValue
                0x08007f6c       0x32 CMakeFiles/text.elf.dir/Drivers/STM32F1xx_HAL_Driver/Src/stm32f1xx_hal_tim.c.obj
                0x08007f6c                HAL_TIM_ReadCapturedValue
 .text.HAL_TIM_OC_DelayElapsedCallback
                0x08007f9e        0x2 CMakeFiles/text.elf.dir/Drivers/STM32F1xx_HAL_Driver/Src/stm32f1xx_hal_tim.c.obj
                0x08007f9e                HAL_TIM_OC_DelayElapsedCallback
 .text.HAL_TIM_PWM_PulseFinishedCallback
                0x08007fa0        0x2 CMakeFiles/text.elf.dir/Drivers/STM32F1xx_HAL_Driver/Src/stm32f1xx_hal_tim.c.obj
                0x08007fa0                HAL_TIM_PWM_PulseFinishedCallback
 .text.HAL_TIM_TriggerCallback
                0x08007fa2        0x2 CMakeFiles/text.elf.dir/Drivers/STM32F1xx_HAL_Driver/Src/stm32f1xx_hal_tim.c.obj
                0x08007fa2                HAL_TIM_TriggerCallback
 .text.HAL_TIM_IRQHandler
                0x08007fa4      0x15e CMakeFiles/text.elf.dir/Drivers/STM32F1xx_HAL_Driver/Src/stm32f1xx_hal_tim.c.obj
                0x08007fa4                HAL_TIM_IRQHandler
 *fill*         0x08008102        0x2 
 .text.TIM_Base_SetConfig
                0x08008104       0x84 CMakeFiles/text.elf.dir/Drivers/STM32F1xx_HAL_Driver/Src/stm32f1xx_hal_tim.c.obj
                0x08008104                TIM_Base_SetConfig
 .text.HAL_TIM_Base_Init
                0x08008188       0x58 CMakeFiles/text.elf.dir/Drivers/STM32F1xx_HAL_Driver/Src/stm32f1xx_hal_tim.c.obj
                0x08008188                HAL_TIM_Base_Init
 .text.HAL_TIM_PWM_Init
                0x080081e0       0x58 CMakeFiles/text.elf.dir/Drivers/STM32F1xx_HAL_Driver/Src/stm32f1xx_hal_tim.c.obj
                0x080081e0                HAL_TIM_PWM_Init
 .text.HAL_TIM_IC_Init
                0x08008238       0x58 CMakeFiles/text.elf.dir/Drivers/STM32F1xx_HAL_Driver/Src/stm32f1xx_hal_tim.c.obj
                0x08008238                HAL_TIM_IC_Init
 .text.TIM_OC2_SetConfig
                0x08008290       0x5c CMakeFiles/text.elf.dir/Drivers/STM32F1xx_HAL_Driver/Src/stm32f1xx_hal_tim.c.obj
                0x08008290                TIM_OC2_SetConfig
 .text.HAL_TIM_PWM_ConfigChannel
                0x080082ec       0xdc CMakeFiles/text.elf.dir/Drivers/STM32F1xx_HAL_Driver/Src/stm32f1xx_hal_tim.c.obj
                0x080082ec                HAL_TIM_PWM_ConfigChannel
 .text.TIM_TI1_SetConfig
                0x080083c8       0x58 CMakeFiles/text.elf.dir/Drivers/STM32F1xx_HAL_Driver/Src/stm32f1xx_hal_tim.c.obj
                0x080083c8                TIM_TI1_SetConfig
 .text.HAL_TIM_IC_ConfigChannel
                0x08008420       0xcc CMakeFiles/text.elf.dir/Drivers/STM32F1xx_HAL_Driver/Src/stm32f1xx_hal_tim.c.obj
                0x08008420                HAL_TIM_IC_ConfigChannel
 .text.TIM_ETR_SetConfig
                0x080084ec       0x18 CMakeFiles/text.elf.dir/Drivers/STM32F1xx_HAL_Driver/Src/stm32f1xx_hal_tim.c.obj
                0x080084ec                TIM_ETR_SetConfig
 .text.HAL_TIM_ConfigClockSource
                0x08008504       0xfe CMakeFiles/text.elf.dir/Drivers/STM32F1xx_HAL_Driver/Src/stm32f1xx_hal_tim.c.obj
                0x08008504                HAL_TIM_ConfigClockSource
 .text.TIM_CCxChannelCmd
                0x08008602       0x1e CMakeFiles/text.elf.dir/Drivers/STM32F1xx_HAL_Driver/Src/stm32f1xx_hal_tim.c.obj
                0x08008602                TIM_CCxChannelCmd
 .text.HAL_TIM_PWM_Start
                0x08008620       0xdc CMakeFiles/text.elf.dir/Drivers/STM32F1xx_HAL_Driver/Src/stm32f1xx_hal_tim.c.obj
                0x08008620                HAL_TIM_PWM_Start
 .text.HAL_TIM_IC_Start
                0x080086fc      0x104 CMakeFiles/text.elf.dir/Drivers/STM32F1xx_HAL_Driver/Src/stm32f1xx_hal_tim.c.obj
                0x080086fc                HAL_TIM_IC_Start
 .text.HAL_TIM_IC_Start_IT
                0x08008800      0x148 CMakeFiles/text.elf.dir/Drivers/STM32F1xx_HAL_Driver/Src/stm32f1xx_hal_tim.c.obj
                0x08008800                HAL_TIM_IC_Start_IT
 .text.HAL_TIMEx_MasterConfigSynchronization
                0x08008948       0x6c CMakeFiles/text.elf.dir/Drivers/STM32F1xx_HAL_Driver/Src/stm32f1xx_hal_tim_ex.c.obj
                0x08008948                HAL_TIMEx_MasterConfigSynchronization
 .text.HAL_TIMEx_CommutCallback
                0x080089b4        0x2 CMakeFiles/text.elf.dir/Drivers/STM32F1xx_HAL_Driver/Src/stm32f1xx_hal_tim_ex.c.obj
                0x080089b4                HAL_TIMEx_CommutCallback
 .text.HAL_TIMEx_BreakCallback
                0x080089b6        0x2 CMakeFiles/text.elf.dir/Drivers/STM32F1xx_HAL_Driver/Src/stm32f1xx_hal_tim_ex.c.obj
                0x080089b6                HAL_TIMEx_BreakCallback
 .text.UART_EndTxTransfer
                0x080089b8       0x20 CMakeFiles/text.elf.dir/Drivers/STM32F1xx_HAL_Driver/Src/stm32f1xx_hal_uart.c.obj
 .text.UART_EndRxTransfer
                0x080089d8       0x5c CMakeFiles/text.elf.dir/Drivers/STM32F1xx_HAL_Driver/Src/stm32f1xx_hal_uart.c.obj
 .text.UART_Transmit_IT
                0x08008a34       0x60 CMakeFiles/text.elf.dir/Drivers/STM32F1xx_HAL_Driver/Src/stm32f1xx_hal_uart.c.obj
 .text.UART_SetConfig
                0x08008a94       0x94 CMakeFiles/text.elf.dir/Drivers/STM32F1xx_HAL_Driver/Src/stm32f1xx_hal_uart.c.obj
 .text.UART_WaitOnFlagUntilTimeout
                0x08008b28       0x86 CMakeFiles/text.elf.dir/Drivers/STM32F1xx_HAL_Driver/Src/stm32f1xx_hal_uart.c.obj
 .text.HAL_UART_Init
                0x08008bae       0x60 CMakeFiles/text.elf.dir/Drivers/STM32F1xx_HAL_Driver/Src/stm32f1xx_hal_uart.c.obj
                0x08008bae                HAL_UART_Init
 .text.HAL_UART_Transmit
                0x08008c0e       0xcc CMakeFiles/text.elf.dir/Drivers/STM32F1xx_HAL_Driver/Src/stm32f1xx_hal_uart.c.obj
                0x08008c0e                HAL_UART_Transmit
 .text.HAL_UART_TxCpltCallback
                0x08008cda        0x2 CMakeFiles/text.elf.dir/Drivers/STM32F1xx_HAL_Driver/Src/stm32f1xx_hal_uart.c.obj
                0x08008cda                HAL_UART_TxCpltCallback
 .text.UART_EndTransmit_IT
                0x08008cdc       0x1a CMakeFiles/text.elf.dir/Drivers/STM32F1xx_HAL_Driver/Src/stm32f1xx_hal_uart.c.obj
 .text.HAL_UART_RxCpltCallback
                0x08008cf6        0x2 CMakeFiles/text.elf.dir/Drivers/STM32F1xx_HAL_Driver/Src/stm32f1xx_hal_uart.c.obj
                0x08008cf6                HAL_UART_RxCpltCallback
 .text.HAL_UART_RxHalfCpltCallback
                0x08008cf8        0x2 CMakeFiles/text.elf.dir/Drivers/STM32F1xx_HAL_Driver/Src/stm32f1xx_hal_uart.c.obj
                0x08008cf8                HAL_UART_RxHalfCpltCallback
 .text.UART_DMAError
                0x08008cfa       0x58 CMakeFiles/text.elf.dir/Drivers/STM32F1xx_HAL_Driver/Src/stm32f1xx_hal_uart.c.obj
 .text.UART_DMAAbortOnError
                0x08008d52       0x10 CMakeFiles/text.elf.dir/Drivers/STM32F1xx_HAL_Driver/Src/stm32f1xx_hal_uart.c.obj
 .text.UART_Receive_IT
                0x08008d62       0xe6 CMakeFiles/text.elf.dir/Drivers/STM32F1xx_HAL_Driver/Src/stm32f1xx_hal_uart.c.obj
 .text.HAL_UART_IRQHandler
                0x08008e48      0x284 CMakeFiles/text.elf.dir/Drivers/STM32F1xx_HAL_Driver/Src/stm32f1xx_hal_uart.c.obj
                0x08008e48                HAL_UART_IRQHandler
 .text.UART_DMARxHalfCplt
                0x080090cc       0x1e CMakeFiles/text.elf.dir/Drivers/STM32F1xx_HAL_Driver/Src/stm32f1xx_hal_uart.c.obj
 .text.UART_DMAReceiveCplt
                0x080090ea       0x9a CMakeFiles/text.elf.dir/Drivers/STM32F1xx_HAL_Driver/Src/stm32f1xx_hal_uart.c.obj
 .text.UART_Start_Receive_DMA
                0x08009184       0xa4 CMakeFiles/text.elf.dir/Drivers/STM32F1xx_HAL_Driver/Src/stm32f1xx_hal_uart.c.obj
                0x08009184                UART_Start_Receive_DMA
 .text.HAL_UARTEx_ReceiveToIdle_DMA
                0x08009228       0x62 CMakeFiles/text.elf.dir/Drivers/STM32F1xx_HAL_Driver/Src/stm32f1xx_hal_uart.c.obj
                0x08009228                HAL_UARTEx_ReceiveToIdle_DMA
 .text.SysTick_Handler
                0x0800928a       0x18 CMakeFiles/text.elf.dir/Middlewares/Third_Party/FreeRTOS/Source/CMSIS_RTOS_V2/cmsis_os2.c.obj
                0x0800928a                SysTick_Handler
 *fill*         0x080092a2        0x2 
 .text.osKernelInitialize
                0x080092a4       0x24 CMakeFiles/text.elf.dir/Middlewares/Third_Party/FreeRTOS/Source/CMSIS_RTOS_V2/cmsis_os2.c.obj
                0x080092a4                osKernelInitialize
 .text.osKernelStart
                0x080092c8       0x38 CMakeFiles/text.elf.dir/Middlewares/Third_Party/FreeRTOS/Source/CMSIS_RTOS_V2/cmsis_os2.c.obj
                0x080092c8                osKernelStart
 .text.osThreadNew
                0x08009300       0xbe CMakeFiles/text.elf.dir/Middlewares/Third_Party/FreeRTOS/Source/CMSIS_RTOS_V2/cmsis_os2.c.obj
                0x08009300                osThreadNew
 .text.osDelay  0x080093be       0x1c CMakeFiles/text.elf.dir/Middlewares/Third_Party/FreeRTOS/Source/CMSIS_RTOS_V2/cmsis_os2.c.obj
                0x080093be                osDelay
 *fill*         0x080093da        0x2 
 .text.vApplicationGetIdleTaskMemory
                0x080093dc       0x18 CMakeFiles/text.elf.dir/Middlewares/Third_Party/FreeRTOS/Source/CMSIS_RTOS_V2/cmsis_os2.c.obj
                0x080093dc                vApplicationGetIdleTaskMemory
 .text.vApplicationGetTimerTaskMemory
                0x080093f4       0x18 CMakeFiles/text.elf.dir/Middlewares/Third_Party/FreeRTOS/Source/CMSIS_RTOS_V2/cmsis_os2.c.obj
                0x080093f4                vApplicationGetTimerTaskMemory
 .text.vListInitialise
                0x0800940c       0x16 CMakeFiles/text.elf.dir/Middlewares/Third_Party/FreeRTOS/Source/list.c.obj
                0x0800940c                vListInitialise
 .text.vListInitialiseItem
                0x08009422        0x6 CMakeFiles/text.elf.dir/Middlewares/Third_Party/FreeRTOS/Source/list.c.obj
                0x08009422                vListInitialiseItem
 .text.vListInsertEnd
                0x08009428       0x16 CMakeFiles/text.elf.dir/Middlewares/Third_Party/FreeRTOS/Source/list.c.obj
                0x08009428                vListInsertEnd
 .text.vListInsert
                0x0800943e       0x32 CMakeFiles/text.elf.dir/Middlewares/Third_Party/FreeRTOS/Source/list.c.obj
                0x0800943e                vListInsert
 .text.uxListRemove
                0x08009470       0x26 CMakeFiles/text.elf.dir/Middlewares/Third_Party/FreeRTOS/Source/list.c.obj
                0x08009470                uxListRemove
 *fill*         0x08009496        0x2 
 .text.prvTaskExitError
                0x08009498       0x40 CMakeFiles/text.elf.dir/Middlewares/Third_Party/FreeRTOS/Source/portable/GCC/ARM_CM3/port.c.obj
 .text.prvPortStartFirstTask
                0x080094d8       0x20 CMakeFiles/text.elf.dir/Middlewares/Third_Party/FreeRTOS/Source/portable/GCC/ARM_CM3/port.c.obj
 .text.pxPortInitialiseStack
                0x080094f8       0x24 CMakeFiles/text.elf.dir/Middlewares/Third_Party/FreeRTOS/Source/portable/GCC/ARM_CM3/port.c.obj
                0x080094f8                pxPortInitialiseStack
 *fill*         0x0800951c        0x4 
 .text.SVC_Handler
                0x08009520       0x24 CMakeFiles/text.elf.dir/Middlewares/Third_Party/FreeRTOS/Source/portable/GCC/ARM_CM3/port.c.obj
                0x08009520                SVC_Handler
 .text.vPortEnterCritical
                0x08009544       0x44 CMakeFiles/text.elf.dir/Middlewares/Third_Party/FreeRTOS/Source/portable/GCC/ARM_CM3/port.c.obj
                0x08009544                vPortEnterCritical
 .text.vPortExitCritical
                0x08009588       0x2c CMakeFiles/text.elf.dir/Middlewares/Third_Party/FreeRTOS/Source/portable/GCC/ARM_CM3/port.c.obj
                0x08009588                vPortExitCritical
 *fill*         0x080095b4        0xc 
 .text.PendSV_Handler
                0x080095c0       0x44 CMakeFiles/text.elf.dir/Middlewares/Third_Party/FreeRTOS/Source/portable/GCC/ARM_CM3/port.c.obj
                0x080095c0                PendSV_Handler
 .text.xPortSysTickHandler
                0x08009604       0x2c CMakeFiles/text.elf.dir/Middlewares/Third_Party/FreeRTOS/Source/portable/GCC/ARM_CM3/port.c.obj
                0x08009604                xPortSysTickHandler
 .text.vPortSetupTimerInterrupt
                0x08009630       0x28 CMakeFiles/text.elf.dir/Middlewares/Third_Party/FreeRTOS/Source/portable/GCC/ARM_CM3/port.c.obj
                0x08009630                vPortSetupTimerInterrupt
 .text.xPortStartScheduler
                0x08009658       0xc0 CMakeFiles/text.elf.dir/Middlewares/Third_Party/FreeRTOS/Source/portable/GCC/ARM_CM3/port.c.obj
                0x08009658                xPortStartScheduler
 .text.vPortValidateInterruptPriority
                0x08009718       0x5c CMakeFiles/text.elf.dir/Middlewares/Third_Party/FreeRTOS/Source/portable/GCC/ARM_CM3/port.c.obj
                0x08009718                vPortValidateInterruptPriority
 .text.prvHeapInit
                0x08009774       0x64 CMakeFiles/text.elf.dir/Middlewares/Third_Party/FreeRTOS/Source/portable/MemMang/heap_4.c.obj
 .text.prvInsertBlockIntoFreeList
                0x080097d8       0x60 CMakeFiles/text.elf.dir/Middlewares/Third_Party/FreeRTOS/Source/portable/MemMang/heap_4.c.obj
 .text.pvPortMalloc
                0x08009838      0x104 CMakeFiles/text.elf.dir/Middlewares/Third_Party/FreeRTOS/Source/portable/MemMang/heap_4.c.obj
                0x08009838                pvPortMalloc
 .text.vPortFree
                0x0800993c       0x7c CMakeFiles/text.elf.dir/Middlewares/Third_Party/FreeRTOS/Source/portable/MemMang/heap_4.c.obj
                0x0800993c                vPortFree
 .text.prvIsQueueFull
                0x080099b8       0x1e CMakeFiles/text.elf.dir/Middlewares/Third_Party/FreeRTOS/Source/queue.c.obj
 .text.prvIsQueueEmpty
                0x080099d6       0x1a CMakeFiles/text.elf.dir/Middlewares/Third_Party/FreeRTOS/Source/queue.c.obj
 .text.prvCopyDataToQueue
                0x080099f0       0x76 CMakeFiles/text.elf.dir/Middlewares/Third_Party/FreeRTOS/Source/queue.c.obj
 .text.prvCopyDataFromQueue
                0x08009a66       0x24 CMakeFiles/text.elf.dir/Middlewares/Third_Party/FreeRTOS/Source/queue.c.obj
 .text.prvUnlockQueue
                0x08009a8a       0x6e CMakeFiles/text.elf.dir/Middlewares/Third_Party/FreeRTOS/Source/queue.c.obj
 .text.xQueueGenericReset
                0x08009af8       0x84 CMakeFiles/text.elf.dir/Middlewares/Third_Party/FreeRTOS/Source/queue.c.obj
                0x08009af8                xQueueGenericReset
 .text.prvInitialiseNewQueue
                0x08009b7c       0x22 CMakeFiles/text.elf.dir/Middlewares/Third_Party/FreeRTOS/Source/queue.c.obj
 .text.xQueueGenericCreateStatic
                0x08009b9e       0x94 CMakeFiles/text.elf.dir/Middlewares/Third_Party/FreeRTOS/Source/queue.c.obj
                0x08009b9e                xQueueGenericCreateStatic
 .text.xQueueGenericSend
                0x08009c32      0x188 CMakeFiles/text.elf.dir/Middlewares/Third_Party/FreeRTOS/Source/queue.c.obj
                0x08009c32                xQueueGenericSend
 .text.xQueueGenericSendFromISR
                0x08009dba       0xce CMakeFiles/text.elf.dir/Middlewares/Third_Party/FreeRTOS/Source/queue.c.obj
                0x08009dba                xQueueGenericSendFromISR
 .text.xQueueReceive
                0x08009e88      0x15e CMakeFiles/text.elf.dir/Middlewares/Third_Party/FreeRTOS/Source/queue.c.obj
                0x08009e88                xQueueReceive
 *fill*         0x08009fe6        0x2 
 .text.vQueueAddToRegistry
                0x08009fe8       0x28 CMakeFiles/text.elf.dir/Middlewares/Third_Party/FreeRTOS/Source/queue.c.obj
                0x08009fe8                vQueueAddToRegistry
 .text.vQueueWaitForMessageRestricted
                0x0800a010       0x52 CMakeFiles/text.elf.dir/Middlewares/Third_Party/FreeRTOS/Source/queue.c.obj
                0x0800a010                vQueueWaitForMessageRestricted
 *fill*         0x0800a062        0x2 
 .text.prvResetNextTaskUnblockTime
                0x0800a064       0x2c CMakeFiles/text.elf.dir/Middlewares/Third_Party/FreeRTOS/Source/tasks.c.obj
 .text.prvInitialiseNewTask
                0x0800a090      0x104 CMakeFiles/text.elf.dir/Middlewares/Third_Party/FreeRTOS/Source/tasks.c.obj
 .text.prvInitialiseTaskLists
                0x0800a194       0x68 CMakeFiles/text.elf.dir/Middlewares/Third_Party/FreeRTOS/Source/tasks.c.obj
 .text.prvAddNewTaskToReadyList
                0x0800a1fc       0xac CMakeFiles/text.elf.dir/Middlewares/Third_Party/FreeRTOS/Source/tasks.c.obj
 .text.prvDeleteTCB
                0x0800a2a8       0x40 CMakeFiles/text.elf.dir/Middlewares/Third_Party/FreeRTOS/Source/tasks.c.obj
 .text.prvCheckTasksWaitingTermination
                0x0800a2e8       0x4c CMakeFiles/text.elf.dir/Middlewares/Third_Party/FreeRTOS/Source/tasks.c.obj
 .text.prvIdleTask
                0x0800a334       0x28 CMakeFiles/text.elf.dir/Middlewares/Third_Party/FreeRTOS/Source/tasks.c.obj
 .text.prvAddCurrentTaskToDelayedList
                0x0800a35c       0x7c CMakeFiles/text.elf.dir/Middlewares/Third_Party/FreeRTOS/Source/tasks.c.obj
 .text.xTaskCreateStatic
                0x0800a3d8       0x7a CMakeFiles/text.elf.dir/Middlewares/Third_Party/FreeRTOS/Source/tasks.c.obj
                0x0800a3d8                xTaskCreateStatic
 .text.xTaskCreate
                0x0800a452       0x66 CMakeFiles/text.elf.dir/Middlewares/Third_Party/FreeRTOS/Source/tasks.c.obj
                0x0800a452                xTaskCreate
 .text.vTaskStartScheduler
                0x0800a4b8       0xac CMakeFiles/text.elf.dir/Middlewares/Third_Party/FreeRTOS/Source/tasks.c.obj
                0x0800a4b8                vTaskStartScheduler
 .text.vTaskSuspendAll
                0x0800a564       0x10 CMakeFiles/text.elf.dir/Middlewares/Third_Party/FreeRTOS/Source/tasks.c.obj
                0x0800a564                vTaskSuspendAll
 .text.xTaskGetTickCount
                0x0800a574        0xc CMakeFiles/text.elf.dir/Middlewares/Third_Party/FreeRTOS/Source/tasks.c.obj
                0x0800a574                xTaskGetTickCount
 .text.xTaskIncrementTick
                0x0800a580      0x118 CMakeFiles/text.elf.dir/Middlewares/Third_Party/FreeRTOS/Source/tasks.c.obj
                0x0800a580                xTaskIncrementTick
 .text.xTaskResumeAll
                0x0800a698       0xf8 CMakeFiles/text.elf.dir/Middlewares/Third_Party/FreeRTOS/Source/tasks.c.obj
                0x0800a698                xTaskResumeAll
 .text.vTaskDelay
                0x0800a790       0x4c CMakeFiles/text.elf.dir/Middlewares/Third_Party/FreeRTOS/Source/tasks.c.obj
                0x0800a790                vTaskDelay
 .text.vTaskSwitchContext
                0x0800a7dc       0xa4 CMakeFiles/text.elf.dir/Middlewares/Third_Party/FreeRTOS/Source/tasks.c.obj
                0x0800a7dc                vTaskSwitchContext
 .text.vTaskPlaceOnEventList
                0x0800a880       0x30 CMakeFiles/text.elf.dir/Middlewares/Third_Party/FreeRTOS/Source/tasks.c.obj
                0x0800a880                vTaskPlaceOnEventList
 .text.vTaskPlaceOnEventListRestricted
                0x0800a8b0       0x38 CMakeFiles/text.elf.dir/Middlewares/Third_Party/FreeRTOS/Source/tasks.c.obj
                0x0800a8b0                vTaskPlaceOnEventListRestricted
 .text.xTaskRemoveFromEventList
                0x0800a8e8       0x8c CMakeFiles/text.elf.dir/Middlewares/Third_Party/FreeRTOS/Source/tasks.c.obj
                0x0800a8e8                xTaskRemoveFromEventList
 .text.vTaskInternalSetTimeOutState
                0x0800a974       0x18 CMakeFiles/text.elf.dir/Middlewares/Third_Party/FreeRTOS/Source/tasks.c.obj
                0x0800a974                vTaskInternalSetTimeOutState
 .text.xTaskCheckForTimeOut
                0x0800a98c       0x84 CMakeFiles/text.elf.dir/Middlewares/Third_Party/FreeRTOS/Source/tasks.c.obj
                0x0800a98c                xTaskCheckForTimeOut
 .text.vTaskMissedYield
                0x0800aa10        0xc CMakeFiles/text.elf.dir/Middlewares/Third_Party/FreeRTOS/Source/tasks.c.obj
                0x0800aa10                vTaskMissedYield
 .text.xTaskGetSchedulerState
                0x0800aa1c       0x20 CMakeFiles/text.elf.dir/Middlewares/Third_Party/FreeRTOS/Source/tasks.c.obj
                0x0800aa1c                xTaskGetSchedulerState
 .text.xTaskPriorityDisinherit
                0x0800aa3c       0x90 CMakeFiles/text.elf.dir/Middlewares/Third_Party/FreeRTOS/Source/tasks.c.obj
                0x0800aa3c                xTaskPriorityDisinherit
 .text.prvGetNextExpireTime
                0x0800aacc       0x20 CMakeFiles/text.elf.dir/Middlewares/Third_Party/FreeRTOS/Source/timers.c.obj
 .text.prvInsertTimerInActiveList
                0x0800aaec       0x48 CMakeFiles/text.elf.dir/Middlewares/Third_Party/FreeRTOS/Source/timers.c.obj
 .text.prvCheckForValidListAndQueue
                0x0800ab34       0x70 CMakeFiles/text.elf.dir/Middlewares/Third_Party/FreeRTOS/Source/timers.c.obj
 .text.xTimerCreateTimerTask
                0x0800aba4       0x64 CMakeFiles/text.elf.dir/Middlewares/Third_Party/FreeRTOS/Source/timers.c.obj
                0x0800aba4                xTimerCreateTimerTask
 .text.xTimerGenericCommand
                0x0800ac08       0x6c CMakeFiles/text.elf.dir/Middlewares/Third_Party/FreeRTOS/Source/timers.c.obj
                0x0800ac08                xTimerGenericCommand
 .text.prvSwitchTimerLists
                0x0800ac74       0x7c CMakeFiles/text.elf.dir/Middlewares/Third_Party/FreeRTOS/Source/timers.c.obj
 .text.prvSampleTimeNow
                0x0800acf0       0x2c CMakeFiles/text.elf.dir/Middlewares/Third_Party/FreeRTOS/Source/timers.c.obj
 .text.prvProcessExpiredTimer
                0x0800ad1c       0x6c CMakeFiles/text.elf.dir/Middlewares/Third_Party/FreeRTOS/Source/timers.c.obj
 .text.prvProcessTimerOrBlockTask
                0x0800ad88       0x74 CMakeFiles/text.elf.dir/Middlewares/Third_Party/FreeRTOS/Source/timers.c.obj
 .text.prvProcessReceivedCommands
                0x0800adfc      0x10c CMakeFiles/text.elf.dir/Middlewares/Third_Party/FreeRTOS/Source/timers.c.obj
 .text.prvTimerTask
                0x0800af08       0x16 CMakeFiles/text.elf.dir/Middlewares/Third_Party/FreeRTOS/Source/timers.c.obj
 *fill*         0x0800af1e        0x2 
 .text.memset   0x0800af20       0xa0 E:/Clion/toolchain/arm-none-eabi/13.3 rel1/bin/../lib/gcc/arm-none-eabi/13.3.1/thumb/v7-m/nofp\libg.a(libc_a-memset.o)
                0x0800af20                memset
 .text._reclaim_reent
                0x0800afc0       0x6c E:/Clion/toolchain/arm-none-eabi/13.3 rel1/bin/../lib/gcc/arm-none-eabi/13.3.1/thumb/v7-m/nofp\libg.a(libc_a-reent.o)
                0x0800afc0                _reclaim_reent
 .text.__errno  0x0800b02c        0xc E:/Clion/toolchain/arm-none-eabi/13.3 rel1/bin/../lib/gcc/arm-none-eabi/13.3.1/thumb/v7-m/nofp\libg.a(libc_a-errno.o)
                0x0800b02c                __errno
 .text.__libc_init_array
                0x0800b038       0x50 E:/Clion/toolchain/arm-none-eabi/13.3 rel1/bin/../lib/gcc/arm-none-eabi/13.3.1/thumb/v7-m/nofp\libg.a(libc_a-init.o)
                0x0800b038                __libc_init_array
 .text.__retarget_lock_acquire_recursive
                0x0800b088        0x4 E:/Clion/toolchain/arm-none-eabi/13.3 rel1/bin/../lib/gcc/arm-none-eabi/13.3.1/thumb/v7-m/nofp\libg.a(libc_a-lock.o)
                0x0800b088                __retarget_lock_acquire_recursive
 .text.__retarget_lock_release_recursive
                0x0800b08c        0x4 E:/Clion/toolchain/arm-none-eabi/13.3 rel1/bin/../lib/gcc/arm-none-eabi/13.3.1/thumb/v7-m/nofp\libg.a(libc_a-lock.o)
                0x0800b08c                __retarget_lock_release_recursive
 .text.startup.register_fini
                0x0800b090       0x14 E:/Clion/toolchain/arm-none-eabi/13.3 rel1/bin/../lib/gcc/arm-none-eabi/13.3.1/thumb/v7-m/nofp\libg.a(libc_a-__call_atexit.o)
 .text.atexit   0x0800b0a4        0xc E:/Clion/toolchain/arm-none-eabi/13.3 rel1/bin/../lib/gcc/arm-none-eabi/13.3.1/thumb/v7-m/nofp\libg.a(libc_a-atexit.o)
                0x0800b0a4                atexit
 .text._malloc_trim_r
                0x0800b0b0       0xb8 E:/Clion/toolchain/arm-none-eabi/13.3 rel1/bin/../lib/gcc/arm-none-eabi/13.3.1/thumb/v7-m/nofp\libg.a(libc_a-freer.o)
                0x0800b0b0                _malloc_trim_r
 .text._free_r  0x0800b168      0x1f8 E:/Clion/toolchain/arm-none-eabi/13.3 rel1/bin/../lib/gcc/arm-none-eabi/13.3.1/thumb/v7-m/nofp\libg.a(libc_a-freer.o)
                0x0800b168                _free_r
 .text.__malloc_lock
                0x0800b360        0xc E:/Clion/toolchain/arm-none-eabi/13.3 rel1/bin/../lib/gcc/arm-none-eabi/13.3.1/thumb/v7-m/nofp\libg.a(libc_a-mlock.o)
                0x0800b360                __malloc_lock
 .text.__malloc_unlock
                0x0800b36c        0xc E:/Clion/toolchain/arm-none-eabi/13.3 rel1/bin/../lib/gcc/arm-none-eabi/13.3.1/thumb/v7-m/nofp\libg.a(libc_a-mlock.o)
                0x0800b36c                __malloc_unlock
 .text._sbrk_r  0x0800b378       0x24 E:/Clion/toolchain/arm-none-eabi/13.3 rel1/bin/../lib/gcc/arm-none-eabi/13.3.1/thumb/v7-m/nofp\libg.a(libc_a-sbrkr.o)
                0x0800b378                _sbrk_r
 .text.__libc_fini_array
                0x0800b39c       0x28 E:/Clion/toolchain/arm-none-eabi/13.3 rel1/bin/../lib/gcc/arm-none-eabi/13.3.1/thumb/v7-m/nofp\libg.a(libc_a-fini.o)
                0x0800b39c                __libc_fini_array
 .text.sysconf  0x0800b3c4       0x1c E:/Clion/toolchain/arm-none-eabi/13.3 rel1/bin/../lib/gcc/arm-none-eabi/13.3.1/thumb/v7-m/nofp\libg.a(libc_a-sysconf.o)
                0x0800b3c4                sysconf
 .text.__register_exitproc
                0x0800b3e0       0x80 E:/Clion/toolchain/arm-none-eabi/13.3 rel1/bin/../lib/gcc/arm-none-eabi/13.3.1/thumb/v7-m/nofp\libg.a(libc_a-__atexit.o)
                0x0800b3e0                __register_exitproc
 .text.atan2    0x0800b460        0x4 E:/Clion/toolchain/arm-none-eabi/13.3 rel1/bin/../lib/gcc/arm-none-eabi/13.3.1/thumb/v7-m/nofp\libm.a(libm_a-w_atan2.o)
                0x0800b460                atan2
 .text.sqrt     0x0800b464       0x50 E:/Clion/toolchain/arm-none-eabi/13.3 rel1/bin/../lib/gcc/arm-none-eabi/13.3.1/thumb/v7-m/nofp\libm.a(libm_a-w_sqrt.o)
                0x0800b464                sqrt
 .text.__ieee754_sqrt
                0x0800b4b4      0x1d8 E:/Clion/toolchain/arm-none-eabi/13.3 rel1/bin/../lib/gcc/arm-none-eabi/13.3.1/thumb/v7-m/nofp\libm.a(libm_a-e_sqrt.o)
                0x0800b4b4                __ieee754_sqrt
 *fill*         0x0800b68c        0x4 
 .text.ceil     0x0800b690      0x100 E:/Clion/toolchain/arm-none-eabi/13.3 rel1/bin/../lib/gcc/arm-none-eabi/13.3.1/thumb/v7-m/nofp\libm.a(libm_a-s_ceil.o)
                0x0800b690                ceil
 .text.__ieee754_atan2
                0x0800b790      0x194 E:/Clion/toolchain/arm-none-eabi/13.3 rel1/bin/../lib/gcc/arm-none-eabi/13.3.1/thumb/v7-m/nofp\libm.a(libm_a-e_atan2.o)
                0x0800b790                __ieee754_atan2
 *fill*         0x0800b924        0x4 
 .text.atan     0x0800b928      0x330 E:/Clion/toolchain/arm-none-eabi/13.3 rel1/bin/../lib/gcc/arm-none-eabi/13.3.1/thumb/v7-m/nofp\libm.a(libm_a-s_atan.o)
                0x0800b928                atan
 .text.fabs     0x0800bc58        0x8 E:/Clion/toolchain/arm-none-eabi/13.3 rel1/bin/../lib/gcc/arm-none-eabi/13.3.1/thumb/v7-m/nofp\libm.a(libm_a-s_fabs.o)
                0x0800bc58                fabs
 *(.glue_7)
 .glue_7        0x0800bc60        0x0 linker stubs
 *(.glue_7t)
 .glue_7t       0x0800bc60        0x0 linker stubs
 *(.eh_frame)
 .eh_frame      0x0800bc60        0x0 E:/Clion/toolchain/arm-none-eabi/13.3 rel1/bin/../lib/gcc/arm-none-eabi/13.3.1/thumb/v7-m/nofp/crtbegin.o
 *(.init)
 .init          0x0800bc60        0x4 E:/Clion/toolchain/arm-none-eabi/13.3 rel1/bin/../lib/gcc/arm-none-eabi/13.3.1/thumb/v7-m/nofp/crti.o
                0x0800bc60                _init
 .init          0x0800bc64        0x8 E:/Clion/toolchain/arm-none-eabi/13.3 rel1/bin/../lib/gcc/arm-none-eabi/13.3.1/thumb/v7-m/nofp/crtn.o
 *(.fini)
 .fini          0x0800bc6c        0x4 E:/Clion/toolchain/arm-none-eabi/13.3 rel1/bin/../lib/gcc/arm-none-eabi/13.3.1/thumb/v7-m/nofp/crti.o
                0x0800bc6c                _fini
 .fini          0x0800bc70        0x8 E:/Clion/toolchain/arm-none-eabi/13.3 rel1/bin/../lib/gcc/arm-none-eabi/13.3.1/thumb/v7-m/nofp/crtn.o
                0x0800bc78                        . = ALIGN (0x4)
                0x0800bc78                        _etext = .

.vfp11_veneer   0x0800bc78        0x0
 .vfp11_veneer  0x0800bc78        0x0 linker stubs

.v4_bx          0x0800bc78        0x0
 .v4_bx         0x0800bc78        0x0 linker stubs

.iplt           0x0800bc78        0x0
 .iplt          0x0800bc78        0x0 E:/Clion/toolchain/arm-none-eabi/13.3 rel1/bin/../lib/gcc/arm-none-eabi/13.3.1/thumb/v7-m/nofp/crtbegin.o

.rodata         0x0800bc78      0xb58
                0x0800bc78                        . = ALIGN (0x4)
 *(.rodata)
 *(.rodata*)
 .rodata.F8X16  0x0800bc78      0x5f0 CMakeFiles/text.elf.dir/APP/oled_t/OLED/OLED.c.obj
                0x0800bc78                F8X16
 .rodata.F6x8   0x0800c268      0x228 CMakeFiles/text.elf.dir/APP/oled_t/OLED/OLED.c.obj
                0x0800c268                F6x8
 .rodata.clean_page.str1.4
                0x0800c490      0x1ec CMakeFiles/text.elf.dir/APP/oled_t/app_oled.c.obj
                                  0xd (size before relaxing)
 .rodata.page_1.str1.4
                0x0800c67c       0x36 CMakeFiles/text.elf.dir/APP/oled_t/app_oled.c.obj
 .rodata.page_2.str1.4
                0x0800c67c       0x2d CMakeFiles/text.elf.dir/APP/oled_t/app_oled.c.obj
 .rodata.page_3.str1.4
                0x0800c67c       0x35 CMakeFiles/text.elf.dir/APP/oled_t/app_oled.c.obj
 .rodata.page_4.str1.4
                0x0800c67c       0x48 CMakeFiles/text.elf.dir/APP/oled_t/app_oled.c.obj
 .rodata.app_oled_task.str1.4
                0x0800c67c        0x9 CMakeFiles/text.elf.dir/APP/oled_t/app_oled.c.obj
 .rodata.app_msg_vofa_send.str1.4
                0x0800c67c       0x2a CMakeFiles/text.elf.dir/APP/vofa/app_msg.c.obj
 .rodata.bsp_can_set_callback.str1.4
                0x0800c67c       0x29 CMakeFiles/text.elf.dir/BSP/can/bsp_can.c.obj
 .rodata.bsp_tim_set_blank.str1.4
                0x0800c67c       0x29 CMakeFiles/text.elf.dir/BSP/tim/bsp_tim.c.obj
 .rodata.bsp_uart_init.str1.4
                0x0800c67c       0x2b CMakeFiles/text.elf.dir/BSP/uart/bsp_uart.c.obj
 .rodata.str1.4
                0x0800c67c       0x1d CMakeFiles/text.elf.dir/Core/Src/freertos.c.obj
 .rodata.botton_attributes
                0x0800c67c       0x24 CMakeFiles/text.elf.dir/Core/Src/freertos.c.obj
                0x0800c67c                botton_attributes
 .rodata.task_attributes
                0x0800c6a0       0x24 CMakeFiles/text.elf.dir/Core/Src/freertos.c.obj
                0x0800c6a0                task_attributes
 .rodata.system_attributes
                0x0800c6c4       0x24 CMakeFiles/text.elf.dir/Core/Src/freertos.c.obj
                0x0800c6c4                system_attributes
 .rodata.oled_attributes
                0x0800c6e8       0x24 CMakeFiles/text.elf.dir/Core/Src/freertos.c.obj
                0x0800c6e8                oled_attributes
 .rodata.APBPrescTable
                0x0800c70c        0x8 CMakeFiles/text.elf.dir/Core/Src/system_stm32f1xx.c.obj
                0x0800c70c                APBPrescTable
 .rodata.AHBPrescTable
                0x0800c714       0x10 CMakeFiles/text.elf.dir/Core/Src/system_stm32f1xx.c.obj
                0x0800c714                AHBPrescTable
 .rodata.aPredivFactorTable.0
                0x0800c724        0x2 CMakeFiles/text.elf.dir/Drivers/STM32F1xx_HAL_Driver/Src/stm32f1xx_hal_rcc.c.obj
 *fill*         0x0800c726        0x2 
 .rodata.aPLLMULFactorTable.1
                0x0800c728       0x10 CMakeFiles/text.elf.dir/Drivers/STM32F1xx_HAL_Driver/Src/stm32f1xx_hal_rcc.c.obj
 .rodata.aPredivFactorTable.0
                0x0800c738        0x2 CMakeFiles/text.elf.dir/Drivers/STM32F1xx_HAL_Driver/Src/stm32f1xx_hal_rcc_ex.c.obj
 *fill*         0x0800c73a        0x2 
 .rodata.aPLLMULFactorTable.1
                0x0800c73c       0x10 CMakeFiles/text.elf.dir/Drivers/STM32F1xx_HAL_Driver/Src/stm32f1xx_hal_rcc_ex.c.obj
 .rodata.vTaskStartScheduler.str1.4
                0x0800c74c        0x5 CMakeFiles/text.elf.dir/Middlewares/Third_Party/FreeRTOS/Source/tasks.c.obj
 .rodata.prvCheckForValidListAndQueue.str1.4
                0x0800c74c        0x5 CMakeFiles/text.elf.dir/Middlewares/Third_Party/FreeRTOS/Source/timers.c.obj
 .rodata.xTimerCreateTimerTask.str1.4
                0x0800c74c        0x8 CMakeFiles/text.elf.dir/Middlewares/Third_Party/FreeRTOS/Source/timers.c.obj
 *fill*         0x0800c74c        0x4 
 .rodata.tiny   0x0800c750        0x8 E:/Clion/toolchain/arm-none-eabi/13.3 rel1/bin/../lib/gcc/arm-none-eabi/13.3.1/thumb/v7-m/nofp\libm.a(libm_a-e_sqrt.o)
 .rodata.one    0x0800c758        0x8 E:/Clion/toolchain/arm-none-eabi/13.3 rel1/bin/../lib/gcc/arm-none-eabi/13.3.1/thumb/v7-m/nofp\libm.a(libm_a-e_sqrt.o)
 .rodata.CSWTCH.9
                0x0800c760       0x18 E:/Clion/toolchain/arm-none-eabi/13.3 rel1/bin/../lib/gcc/arm-none-eabi/13.3.1/thumb/v7-m/nofp\libm.a(libm_a-e_atan2.o)
 .rodata.CSWTCH.8
                0x0800c778       0x18 E:/Clion/toolchain/arm-none-eabi/13.3 rel1/bin/../lib/gcc/arm-none-eabi/13.3.1/thumb/v7-m/nofp\libm.a(libm_a-e_atan2.o)
 .rodata.atanlo
                0x0800c790       0x20 E:/Clion/toolchain/arm-none-eabi/13.3 rel1/bin/../lib/gcc/arm-none-eabi/13.3.1/thumb/v7-m/nofp\libm.a(libm_a-s_atan.o)
 .rodata.atanhi
                0x0800c7b0       0x20 E:/Clion/toolchain/arm-none-eabi/13.3 rel1/bin/../lib/gcc/arm-none-eabi/13.3.1/thumb/v7-m/nofp\libm.a(libm_a-s_atan.o)
                0x0800c7d0                        . = ALIGN (0x4)

.ARM.extab      0x0800c7d0        0x0
                0x0800c7d0                        . = ALIGN (0x4)
 *(.ARM.extab* .gnu.linkonce.armextab.*)
                0x0800c7d0                        . = ALIGN (0x4)

.ARM            0x0800c7d0        0x8
                0x0800c7d0                        . = ALIGN (0x4)
                0x0800c7d0                        __exidx_start = .
 *(.ARM.exidx*)
 .ARM.exidx     0x0800c7d0        0x8 E:/Clion/toolchain/arm-none-eabi/13.3 rel1/bin/../lib/gcc/arm-none-eabi/13.3.1/thumb/v7-m/nofp\libg.a(libc_a-memcpy.o)
                0x0800c7d8                        __exidx_end = .
                0x0800c7d8                        . = ALIGN (0x4)

.preinit_array  0x0800c7d8        0x0
                0x0800c7d8                        . = ALIGN (0x4)
                0x0800c7d8                        PROVIDE (__preinit_array_start = .)
 *(.preinit_array*)
                0x0800c7d8                        PROVIDE (__preinit_array_end = .)
                0x0800c7d8                        . = ALIGN (0x4)

.init_array     0x0800c7d8        0x8
                0x0800c7d8                        . = ALIGN (0x4)
                0x0800c7d8                        PROVIDE (__init_array_start = .)
 *(SORT_BY_NAME(.init_array.*))
 .init_array.00000
                0x0800c7d8        0x4 E:/Clion/toolchain/arm-none-eabi/13.3 rel1/bin/../lib/gcc/arm-none-eabi/13.3.1/thumb/v7-m/nofp\libg.a(libc_a-__call_atexit.o)
 *(.init_array*)
 .init_array    0x0800c7dc        0x4 E:/Clion/toolchain/arm-none-eabi/13.3 rel1/bin/../lib/gcc/arm-none-eabi/13.3.1/thumb/v7-m/nofp/crtbegin.o
                0x0800c7e0                        PROVIDE (__init_array_end = .)
                0x0800c7e0                        . = ALIGN (0x4)

.fini_array     0x0800c7e0        0x4
                0x0800c7e0                        . = ALIGN (0x4)
                0x0800c7e0                        PROVIDE (__fini_array_start = .)
 *(SORT_BY_NAME(.fini_array.*))
 *(.fini_array*)
 .fini_array    0x0800c7e0        0x4 E:/Clion/toolchain/arm-none-eabi/13.3 rel1/bin/../lib/gcc/arm-none-eabi/13.3.1/thumb/v7-m/nofp/crtbegin.o
                0x0800c7e4                        PROVIDE (__fini_array_end = .)
                0x0800c7e4                        . = ALIGN (0x4)
                0x0800c7e4                        _sidata = LOADADDR (.data)

.rel.dyn        0x0800c7e4        0x0
 .rel.iplt      0x0800c7e4        0x0 E:/Clion/toolchain/arm-none-eabi/13.3 rel1/bin/../lib/gcc/arm-none-eabi/13.3.1/thumb/v7-m/nofp/crtbegin.o

.data           0x20000000      0x598 load address 0x0800c7e4
                0x20000000                        . = ALIGN (0x4)
                0x20000000                        _sdata = .
 *(.data)
 *(.data*)
 .data.lst_page.0
                0x20000000        0x1 CMakeFiles/text.elf.dir/APP/oled_t/app_oled.c.obj
 *fill*         0x20000001        0x3 
 .data.data_size
                0x20000004        0x4 CMakeFiles/text.elf.dir/APP/task/app_task.c.obj
                0x20000004                data_size
 .data.data_to_send
                0x20000008        0xc CMakeFiles/text.elf.dir/APP/task/app_task.c.obj
                0x20000008                data_to_send
 .data.uart2_data
                0x20000014       0x10 CMakeFiles/text.elf.dir/APP/task/app_task.c.obj
                0x20000014                uart2_data
 .data.vofa_tail
                0x20000024        0x4 CMakeFiles/text.elf.dir/APP/vofa/app_msg.c.obj
                0x20000024                vofa_tail
 .data.once_flag.11
                0x20000028        0x4 CMakeFiles/text.elf.dir/BSP/imu/MPU6050.c.obj
 .data.SystemCoreClock
                0x2000002c        0x4 CMakeFiles/text.elf.dir/Core/Src/system_stm32f1xx.c.obj
                0x2000002c                SystemCoreClock
 .data.uwTickFreq
                0x20000030        0x1 CMakeFiles/text.elf.dir/Drivers/STM32F1xx_HAL_Driver/Src/stm32f1xx_hal.c.obj
                0x20000030                uwTickFreq
 *fill*         0x20000031        0x3 
 .data.uwTickPrio
                0x20000034        0x4 CMakeFiles/text.elf.dir/Drivers/STM32F1xx_HAL_Driver/Src/stm32f1xx_hal.c.obj
                0x20000034                uwTickPrio
 .data.uxCriticalNesting
                0x20000038        0x4 CMakeFiles/text.elf.dir/Middlewares/Third_Party/FreeRTOS/Source/portable/GCC/ARM_CM3/port.c.obj
 .data._impure_ptr
                0x2000003c        0x4 E:/Clion/toolchain/arm-none-eabi/13.3 rel1/bin/../lib/gcc/arm-none-eabi/13.3.1/thumb/v7-m/nofp\libg.a(libc_a-impure.o)
                0x2000003c                _impure_ptr
 .data._impure_data
                0x20000040      0x140 E:/Clion/toolchain/arm-none-eabi/13.3 rel1/bin/../lib/gcc/arm-none-eabi/13.3.1/thumb/v7-m/nofp\libg.a(libc_a-impure.o)
                0x20000040                _impure_data
 .data.__atexit_recursive_mutex
                0x20000180        0x4 E:/Clion/toolchain/arm-none-eabi/13.3 rel1/bin/../lib/gcc/arm-none-eabi/13.3.1/thumb/v7-m/nofp\libg.a(libc_a-__call_atexit.o)
                0x20000180                __atexit_recursive_mutex
 .data.__malloc_sbrk_base
                0x20000184        0x4 E:/Clion/toolchain/arm-none-eabi/13.3 rel1/bin/../lib/gcc/arm-none-eabi/13.3.1/thumb/v7-m/nofp\libg.a(libc_a-mallocr.o)
                0x20000184                __malloc_sbrk_base
 .data.__malloc_trim_threshold
                0x20000188        0x4 E:/Clion/toolchain/arm-none-eabi/13.3 rel1/bin/../lib/gcc/arm-none-eabi/13.3.1/thumb/v7-m/nofp\libg.a(libc_a-mallocr.o)
                0x20000188                __malloc_trim_threshold
 *fill*         0x2000018c        0x4 
 .data.__malloc_av_
                0x20000190      0x408 E:/Clion/toolchain/arm-none-eabi/13.3 rel1/bin/../lib/gcc/arm-none-eabi/13.3.1/thumb/v7-m/nofp\libg.a(libc_a-mallocr.o)
                0x20000190                __malloc_av_
 *(.RamFunc)
 *(.RamFunc*)
                0x20000598                        . = ALIGN (0x4)
                0x20000598                        _edata = .

.tm_clone_table
                0x20000598        0x0 load address 0x0800cd7c
 .tm_clone_table
                0x20000598        0x0 E:/Clion/toolchain/arm-none-eabi/13.3 rel1/bin/../lib/gcc/arm-none-eabi/13.3.1/thumb/v7-m/nofp/crtbegin.o
 .tm_clone_table
                0x20000598        0x0 E:/Clion/toolchain/arm-none-eabi/13.3 rel1/bin/../lib/gcc/arm-none-eabi/13.3.1/thumb/v7-m/nofp/crtend.o

.igot.plt       0x20000598        0x0 load address 0x0800cd7c
 .igot.plt      0x20000598        0x0 E:/Clion/toolchain/arm-none-eabi/13.3 rel1/bin/../lib/gcc/arm-none-eabi/13.3.1/thumb/v7-m/nofp/crtbegin.o
                0x20000598                        . = ALIGN (0x4)

.bss            0x20000598     0x323c load address 0x0800cd7c
                0x20000598                        _sbss = .